Archive member included to satisfy reference by file (symbol)

/opt/st/stm32cubeide_1.14.0/plugins/com.st.stm32cube.ide.mcu.externaltools.gnu-tools-for-stm32.11.3.rel1.linux64_1.1.100.202309141235/tools/bin/../lib/gcc/arm-none-eabi/11.3.1/../../../../arm-none-eabi/lib/thumb/v7-m/nofp/libc_nano.a(libc_a-exit.o)
                              /opt/st/stm32cubeide_1.14.0/plugins/com.st.stm32cube.ide.mcu.externaltools.gnu-tools-for-stm32.11.3.rel1.linux64_1.1.100.202309141235/tools/bin/../lib/gcc/arm-none-eabi/11.3.1/../../../../arm-none-eabi/lib/thumb/v7-m/nofp/crt0.o (exit)
/opt/st/stm32cubeide_1.14.0/plugins/com.st.stm32cube.ide.mcu.externaltools.gnu-tools-for-stm32.11.3.rel1.linux64_1.1.100.202309141235/tools/bin/../lib/gcc/arm-none-eabi/11.3.1/../../../../arm-none-eabi/lib/thumb/v7-m/nofp/libc_nano.a(libc_a-findfp.o)
                              /opt/st/stm32cubeide_1.14.0/plugins/com.st.stm32cube.ide.mcu.externaltools.gnu-tools-for-stm32.11.3.rel1.linux64_1.1.100.202309141235/tools/bin/../lib/gcc/arm-none-eabi/11.3.1/../../../../arm-none-eabi/lib/thumb/v7-m/nofp/libc_nano.a(libc_a-exit.o) (__stdio_exit_handler)
/opt/st/stm32cubeide_1.14.0/plugins/com.st.stm32cube.ide.mcu.externaltools.gnu-tools-for-stm32.11.3.rel1.linux64_1.1.100.202309141235/tools/bin/../lib/gcc/arm-none-eabi/11.3.1/../../../../arm-none-eabi/lib/thumb/v7-m/nofp/libc_nano.a(libc_a-fwalk.o)
                              /opt/st/stm32cubeide_1.14.0/plugins/com.st.stm32cube.ide.mcu.externaltools.gnu-tools-for-stm32.11.3.rel1.linux64_1.1.100.202309141235/tools/bin/../lib/gcc/arm-none-eabi/11.3.1/../../../../arm-none-eabi/lib/thumb/v7-m/nofp/libc_nano.a(libc_a-findfp.o) (_fwalk_sglue)
/opt/st/stm32cubeide_1.14.0/plugins/com.st.stm32cube.ide.mcu.externaltools.gnu-tools-for-stm32.11.3.rel1.linux64_1.1.100.202309141235/tools/bin/../lib/gcc/arm-none-eabi/11.3.1/../../../../arm-none-eabi/lib/thumb/v7-m/nofp/libc_nano.a(libc_a-printf.o)
                              ./Core/Src/main.o (printf)
/opt/st/stm32cubeide_1.14.0/plugins/com.st.stm32cube.ide.mcu.externaltools.gnu-tools-for-stm32.11.3.rel1.linux64_1.1.100.202309141235/tools/bin/../lib/gcc/arm-none-eabi/11.3.1/../../../../arm-none-eabi/lib/thumb/v7-m/nofp/libc_nano.a(libc_a-stdio.o)
                              /opt/st/stm32cubeide_1.14.0/plugins/com.st.stm32cube.ide.mcu.externaltools.gnu-tools-for-stm32.11.3.rel1.linux64_1.1.100.202309141235/tools/bin/../lib/gcc/arm-none-eabi/11.3.1/../../../../arm-none-eabi/lib/thumb/v7-m/nofp/libc_nano.a(libc_a-findfp.o) (__sread)
/opt/st/stm32cubeide_1.14.0/plugins/com.st.stm32cube.ide.mcu.externaltools.gnu-tools-for-stm32.11.3.rel1.linux64_1.1.100.202309141235/tools/bin/../lib/gcc/arm-none-eabi/11.3.1/../../../../arm-none-eabi/lib/thumb/v7-m/nofp/libc_nano.a(libc_a-memset.o)
                              /opt/st/stm32cubeide_1.14.0/plugins/com.st.stm32cube.ide.mcu.externaltools.gnu-tools-for-stm32.11.3.rel1.linux64_1.1.100.202309141235/tools/bin/../lib/gcc/arm-none-eabi/11.3.1/../../../../arm-none-eabi/lib/thumb/v7-m/nofp/crt0.o (memset)
/opt/st/stm32cubeide_1.14.0/plugins/com.st.stm32cube.ide.mcu.externaltools.gnu-tools-for-stm32.11.3.rel1.linux64_1.1.100.202309141235/tools/bin/../lib/gcc/arm-none-eabi/11.3.1/../../../../arm-none-eabi/lib/thumb/v7-m/nofp/libc_nano.a(libc_a-closer.o)
                              /opt/st/stm32cubeide_1.14.0/plugins/com.st.stm32cube.ide.mcu.externaltools.gnu-tools-for-stm32.11.3.rel1.linux64_1.1.100.202309141235/tools/bin/../lib/gcc/arm-none-eabi/11.3.1/../../../../arm-none-eabi/lib/thumb/v7-m/nofp/libc_nano.a(libc_a-stdio.o) (_close_r)
/opt/st/stm32cubeide_1.14.0/plugins/com.st.stm32cube.ide.mcu.externaltools.gnu-tools-for-stm32.11.3.rel1.linux64_1.1.100.202309141235/tools/bin/../lib/gcc/arm-none-eabi/11.3.1/../../../../arm-none-eabi/lib/thumb/v7-m/nofp/libc_nano.a(libc_a-reent.o)
                              /opt/st/stm32cubeide_1.14.0/plugins/com.st.stm32cube.ide.mcu.externaltools.gnu-tools-for-stm32.11.3.rel1.linux64_1.1.100.202309141235/tools/bin/../lib/gcc/arm-none-eabi/11.3.1/../../../../arm-none-eabi/lib/thumb/v7-m/nofp/libc_nano.a(libc_a-closer.o) (errno)
/opt/st/stm32cubeide_1.14.0/plugins/com.st.stm32cube.ide.mcu.externaltools.gnu-tools-for-stm32.11.3.rel1.linux64_1.1.100.202309141235/tools/bin/../lib/gcc/arm-none-eabi/11.3.1/../../../../arm-none-eabi/lib/thumb/v7-m/nofp/libc_nano.a(libc_a-impure.o)
                              /opt/st/stm32cubeide_1.14.0/plugins/com.st.stm32cube.ide.mcu.externaltools.gnu-tools-for-stm32.11.3.rel1.linux64_1.1.100.202309141235/tools/bin/../lib/gcc/arm-none-eabi/11.3.1/../../../../arm-none-eabi/lib/thumb/v7-m/nofp/libc_nano.a(libc_a-printf.o) (_impure_ptr)
/opt/st/stm32cubeide_1.14.0/plugins/com.st.stm32cube.ide.mcu.externaltools.gnu-tools-for-stm32.11.3.rel1.linux64_1.1.100.202309141235/tools/bin/../lib/gcc/arm-none-eabi/11.3.1/../../../../arm-none-eabi/lib/thumb/v7-m/nofp/libc_nano.a(libc_a-lseekr.o)
[...]
Memory Configuration

Name             Origin             Length             Attributes
RAM              0x0000000020000000 0x0000000000005000 xrw
FLASH            0x0000000008000000 0x0000000000010000 xr
*default*        0x0000000000000000 0xffffffffffffffff

Linker script and memory map

LOAD /opt/st/stm32cubeide_1.14.0/plugins/com.st.stm32cube.ide.mcu.externaltools.gnu-tools-for-stm32.11.3.rel1.linux64_1.1.100.202309141235/tools/bin/../lib/gcc/arm-none-eabi/11.3.1/thumb/v7-m/nofp/crti.o
LOAD /opt/st/stm32cubeide_1.14.0/plugins/com.st.stm32cube.ide.mcu.externaltools.gnu-tools-for-stm32.11.3.rel1.linux64_1.1.100.202309141235/tools/bin/../lib/gcc/arm-none-eabi/11.3.1/thumb/v7-m/nofp/crtbegin.o
LOAD /opt/st/stm32cubeide_1.14.0/plugins/com.st.stm32cube.ide.mcu.externaltools.gnu-tools-for-stm32.11.3.rel1.linux64_1.1.100.202309141235/tools/bin/../lib/gcc/arm-none-eabi/11.3.1/../../../../arm-none-eabi/lib/thumb/v7-m/nofp/crt0.o
LOAD ./Core/Src/main.o
LOAD ./Core/Src/stm32f1xx_hal_msp.o
LOAD ./Core/Src/stm32f1xx_it.o
LOAD ./Core/Src/syscalls.o
LOAD ./Core/Src/sysmem.o
LOAD ./Core/Src/system_stm32f1xx.o
LOAD ./Core/Startup/startup_stm32f103c8tx.o
LOAD ./Core/library/f103c8t6_SD/ccsbcs.o
LOAD ./Core/library/f103c8t6_SD/diskio.o
LOAD ./Core/library/f103c8t6_SD/fatfs.o
LOAD ./Core/library/f103c8t6_SD/fatfs_sd.o
LOAD ./Core/library/f103c8t6_SD/ff.o
LOAD ./Core/library/f103c8t6_SD/ff_gen_drv.o
LOAD ./Core/library/f103c8t6_SD/syscall.o
LOAD ./Core/library/f103c8t6_SD/user_diskio.o
LOAD ./Core/library/timerDelete/timerDealy.o
LOAD ./Drivers/STM32F1xx_HAL_Driver/Src/stm32f1xx_hal.o
LOAD ./Drivers/STM32F1xx_HAL_Driver/Src/stm32f1xx_hal_cortex.o
LOAD ./Drivers/STM32F1xx_HAL_Driver/Src/stm32f1xx_hal_dma.o
LOAD ./Drivers/STM32F1xx_HAL_Driver/Src/stm32f1xx_hal_exti.o
LOAD ./Drivers/STM32F1xx_HAL_Driver/Src/stm32f1xx_hal_flash.o
LOAD ./Drivers/STM32F1xx_HAL_Driver/Src/stm32f1xx_hal_flash_ex.o
LOAD ./Drivers/STM32F1xx_HAL_Driver/Src/stm32f1xx_hal_gpio.o
LOAD ./Drivers/STM32F1xx_HAL_Driver/Src/stm32f1xx_hal_gpio_ex.o
LOAD ./Drivers/STM32F1xx_HAL_Driver/Src/stm32f1xx_hal_pwr.o
LOAD ./Drivers/STM32F1xx_HAL_Driver/Src/stm32f1xx_hal_rcc.o
LOAD ./Drivers/STM32F1xx_HAL_Driver/Src/stm32f1xx_hal_rcc_ex.o
LOAD ./Drivers/STM32F1xx_HAL_Driver/Src/stm32f1xx_hal_spi.o
LOAD ./Drivers/STM32F1xx_HAL_Driver/Src/stm32f1xx_hal_tim.o
LOAD ./Drivers/STM32F1xx_HAL_Driver/Src/stm32f1xx_hal_tim_ex.o
LOAD ./ThisLibrary/sd_file_operations.o
START GROUP
LOAD /opt/st/stm32cubeide_1.14.0/plugins/com.st.stm32cube.ide.mcu.externaltools.gnu-tools-for-stm32.11.3.rel1.linux64_1.1.100.202309141235/tools/bin/../lib/gcc/arm-none-eabi/11.3.1/../../../../arm-none-eabi/lib/thumb/v7-m/nofp/libc_nano.a
LOAD /opt/st/stm32cubeide_1.14.0/plugins/com.st.stm32cube.ide.mcu.externaltools.gnu-tools-for-stm32.11.3.rel1.linux64_1.1.100.202309141235/tools/bin/../lib/gcc/arm-none-eabi/11.3.1/../../../../arm-none-eabi/lib/thumb/v7-m/nofp/libm.a
END GROUP
START GROUP
LOAD /opt/st/stm32cubeide_1.14.0/plugins/com.st.stm32cube.ide.mcu.externaltools.gnu-tools-for-stm32.11.3.rel1.linux64_1.1.100.202309141235/tools/bin/../lib/gcc/arm-none-eabi/11.3.1/thumb/v7-m/nofp/libgcc.a
LOAD /opt/st/stm32cubeide_1.14.0/plugins/com.st.stm32cube.ide.mcu.externaltools.gnu-tools-for-stm32.11.3.rel1.linux64_1.1.100.202309141235/tools/bin/../lib/gcc/arm-none-eabi/11.3.1/../../../../arm-none-eabi/lib/thumb/v7-m/nofp/libc_nano.a
END GROUP
START GROUP
LOAD /opt/st/stm32cubeide_1.14.0/plugins/com.st.stm32cube.ide.mcu.externaltools.gnu-tools-for-stm32.11.3.rel1.linux64_1.1.100.202309141235/tools/bin/../lib/gcc/arm-none-eabi/11.3.1/thumb/v7-m/nofp/libgcc.a
LOAD /opt/st/stm32cubeide_1.14.0/plugins/com.st.stm32cube.ide.mcu.externaltools.gnu-tools-for-stm32.11.3.rel1.linux64_1.1.100.202309141235/tools/bin/../lib/gcc/arm-none-eabi/11.3.1/../../../../arm-none-eabi/lib/thumb/v7-m/nofp/libc_nano.a
LOAD /opt/st/stm32cubeide_1.14.0/plugins/com.st.stm32cube.ide.mcu.externaltools.gnu-tools-for-stm32.11.3.rel1.linux64_1.1.100.202309141235/tools/bin/../lib/gcc/arm-none-eabi/11.3.1/../../../../arm-none-eabi/lib/thumb/v7-m/nofp/libnosys.a
END GROUP
START GROUP
LOAD /opt/st/stm32cubeide_1.14.0/plugins/com.st.stm32cube.ide.mcu.externaltools.gnu-tools-for-stm32.11.3.rel1.linux64_1.1.100.202309141235/tools/bin/../lib/gcc/arm-none-eabi/11.3.1/thumb/v7-m/nofp/libgcc.a
LOAD /opt/st/stm32cubeide_1.14.0/plugins/com.st.stm32cube.ide.mcu.externaltools.gnu-tools-for-stm32.11.3.rel1.linux64_1.1.100.202309141235/tools/bin/../lib/gcc/arm-none-eabi/11.3.1/../../../../arm-none-eabi/lib/thumb/v7-m/nofp/libc_nano.a
LOAD /opt/st/stm32cubeide_1.14.0/plugins/com.st.stm32cube.ide.mcu.externaltools.gnu-tools-for-stm32.11.3.rel1.linux64_1.1.100.202309141235/tools/bin/../lib/gcc/arm-none-eabi/11.3.1/../../../../arm-none-eabi/lib/thumb/v7-m/nofp/libnosys.a
END GROUP
LOAD /opt/st/stm32cubeide_1.14.0/plugins/com.st.stm32cube.ide.mcu.externaltools.gnu-tools-for-stm32.11.3.rel1.linux64_1.1.100.202309141235/tools/bin/../lib/gcc/arm-none-eabi/11.3.1/thumb/v7-m/nofp/crtend.o
LOAD /opt/st/stm32cubeide_1.14.0/plugins/com.st.stm32cube.ide.mcu.externaltools.gnu-tools-for-stm32.11.3.rel1.linux64_1.1.100.202309141235/tools/bin/../lib/gcc/arm-none-eabi/11.3.1/thumb/v7-m/nofp/crtn.o
                0x0000000020005000                _estack = (ORIGIN (RAM) + LENGTH (RAM))
                0x0000000000000200                _Min_Heap_Size = 0x200
                0x0000000000000400                _Min_Stack_Size = 0x400

.isr_vector     0x0000000008000000      0x10c
                0x0000000008000000                . = ALIGN (0x4)
 *(.isr_vector)
 .isr_vector    0x0000000008000000      0x10c ./Core/Startup/startup_stm32f103c8tx.o
                0x0000000008000000                g_pfnVectors
                0x000000000800010c                . = ALIGN (0x4)

.text           0x000000000800010c     0x78bc
                0x000000000800010c                . = ALIGN (0x4)
 *(.text)
 .text          0x000000000800010c       0x40 /opt/st/stm32cubeide_1.14.0/plugins/com.st.stm32cube.ide.mcu.externaltools.gnu-tools-for-stm32.11.3.rel1.linux64_1.1.100.202309141235/tools/bin/../lib/gcc/arm-none-eabi/11.3.1/thumb/v7-m/nofp/crtbegin.o
 *(.text*)
 .text.processBuffer
                0x000000000800014c       0x18 ./Core/Src/main.o
                0x000000000800014c                processBuffer
 .text.main     0x0000000008000164       0x30 ./Core/Src/main.o
                0x0000000008000164                main
 .text.SystemClock_Config
                0x0000000008000194       0x76 ./Core/Src/main.o
                0x0000000008000194                SystemClock_Config
 *fill*         0x000000000800020a        0x2 
 .text.MX_SPI1_Init
                0x000000000800020c       0x6c ./Core/Src/main.o
 .text.MX_TIM2_Init
                0x0000000008000278       0x9c ./Core/Src/main.o
 .text.MX_GPIO_Init
                0x0000000008000314       0x7c ./Core/Src/main.o
 .text.Error_Handler
                0x0000000008000390        0xa ./Core/Src/main.o
                0x0000000008000390                Error_Handler
 *fill*         0x000000000800039a        0x2 
 .text.HAL_MspInit
                0x000000000800039c       0x64 ./Core/Src/stm32f1xx_hal_msp.o
                0x000000000800039c                HAL_MspInit
 .text.HAL_SPI_MspInit
                0x0000000008000400       0x94 ./Core/Src/stm32f1xx_hal_msp.o
                0x0000000008000400                HAL_SPI_MspInit
 .text.HAL_TIM_Base_MspInit
                0x0000000008000494       0x38 ./Core/Src/stm32f1xx_hal_msp.o
                0x0000000008000494                HAL_TIM_Base_MspInit
 .text.SDTimer_Handler
                0x00000000080004cc       0x44 ./Core/Src/stm32f1xx_it.o
                0x00000000080004cc                SDTimer_Handler
 .text.NMI_Handler
                0x0000000008000510        0x6 ./Core/Src/stm32f1xx_it.o
                0x0000000008000510                NMI_Handler
 .text.HardFault_Handler
                0x0000000008000516        0x6 ./Core/Src/stm32f1xx_it.o
                0x0000000008000516                HardFault_Handler
 .text.MemManage_Handler
                0x000000000800051c        0x6 ./Core/Src/stm32f1xx_it.o
                0x000000000800051c                MemManage_Handler
 .text.BusFault_Handler
                0x0000000008000522        0x6 ./Core/Src/stm32f1xx_it.o
                0x0000000008000522                BusFault_Handler
 .text.UsageFault_Handler
                0x0000000008000528        0x6 ./Core/Src/stm32f1xx_it.o
                0x0000000008000528                UsageFault_Handler
 .text.SVC_Handler
                0x000000000800052e        0xc ./Core/Src/stm32f1xx_it.o
                0x000000000800052e                SVC_Handler
 .text.DebugMon_Handler
                0x000000000800053a        0xc ./Core/Src/stm32f1xx_it.o
                0x000000000800053a                DebugMon_Handler
 .text.PendSV_Handler
                0x0000000008000546        0xc ./Core/Src/stm32f1xx_it.o
                0x0000000008000546                PendSV_Handler
 .text.SysTick_Handler
                0x0000000008000552       0x10 ./Core/Src/stm32f1xx_it.o
                0x0000000008000552                SysTick_Handler
 .text._read    0x0000000008000562       0x3a ./Core/Src/syscalls.o
                0x0000000008000562                _read
 .text._write   0x000000000800059c       0x38 ./Core/Src/syscalls.o
                0x000000000800059c                _write
 .text._close   0x00000000080005d4       0x16 ./Core/Src/syscalls.o
                0x00000000080005d4                _close
 .text._fstat   0x00000000080005ea       0x1e ./Core/Src/syscalls.o
                0x00000000080005ea                _fstat
 .text._isatty  0x0000000008000608       0x14 ./Core/Src/syscalls.o
                0x0000000008000608                _isatty
 .text._lseek   0x000000000800061c       0x18 ./Core/Src/syscalls.o
                0x000000000800061c                _lseek
 .text._sbrk    0x0000000008000634       0x6c ./Core/Src/sysmem.o
                0x0000000008000634                _sbrk
 .text.SystemInit
                0x00000000080006a0        0xc ./Core/Src/system_stm32f1xx.o
                0x00000000080006a0                SystemInit
 .text.Reset_Handler
                0x00000000080006ac       0x48 ./Core/Startup/startup_stm32f103c8tx.o
                0x00000000080006ac                Reset_Handler
 .text.Default_Handler
                0x00000000080006f4        0x2 ./Core/Startup/startup_stm32f103c8tx.o
                0x00000000080006f4                RTC_Alarm_IRQHandler
                0x00000000080006f4                EXTI2_IRQHandler
                0x00000000080006f4                TIM1_CC_IRQHandler
                0x00000000080006f4                PVD_IRQHandler
                0x00000000080006f4                EXTI3_IRQHandler
                0x00000000080006f4                EXTI0_IRQHandler
                0x00000000080006f4                I2C2_EV_IRQHandler
                0x00000000080006f4                ADC1_2_IRQHandler
                0x00000000080006f4                SPI1_IRQHandler
                0x00000000080006f4                TAMPER_IRQHandler
                0x00000000080006f4                DMA1_Channel4_IRQHandler
                0x00000000080006f4                USART3_IRQHandler
                0x00000000080006f4                RTC_IRQHandler
                0x00000000080006f4                DMA1_Channel7_IRQHandler
                0x00000000080006f4                CAN1_RX1_IRQHandler
                0x00000000080006f4                TIM4_IRQHandler
                0x00000000080006f4                I2C1_EV_IRQHandler
                0x00000000080006f4                DMA1_Channel6_IRQHandler
                0x00000000080006f4                TIM3_IRQHandler
                0x00000000080006f4                RCC_IRQHandler
                0x00000000080006f4                TIM1_TRG_COM_IRQHandler
                0x00000000080006f4                DMA1_Channel1_IRQHandler
                0x00000000080006f4                Default_Handler
                0x00000000080006f4                EXTI15_10_IRQHandler
                0x00000000080006f4                EXTI9_5_IRQHandler
                0x00000000080006f4                SPI2_IRQHandler
                0x00000000080006f4                DMA1_Channel5_IRQHandler
                0x00000000080006f4                EXTI4_IRQHandler
                0x00000000080006f4                USB_LP_CAN1_RX0_IRQHandler
                0x00000000080006f4                USB_HP_CAN1_TX_IRQHandler
                0x00000000080006f4                DMA1_Channel3_IRQHandler
                0x00000000080006f4                TIM1_UP_IRQHandler
                0x00000000080006f4                WWDG_IRQHandler
                0x00000000080006f4                TIM2_IRQHandler
                0x00000000080006f4                TIM1_BRK_IRQHandler
                0x00000000080006f4                EXTI1_IRQHandler
                0x00000000080006f4                USART2_IRQHandler
                0x00000000080006f4                I2C2_ER_IRQHandler
                0x00000000080006f4                DMA1_Channel2_IRQHandler
                0x00000000080006f4                CAN1_SCE_IRQHandler
                0x00000000080006f4                FLASH_IRQHandler
                0x00000000080006f4                USART1_IRQHandler
                0x00000000080006f4                I2C1_ER_IRQHandler
                0x00000000080006f4                USBWakeUp_IRQHandler
 *fill*         0x00000000080006f6        0x2 
 .text.ff_convert
                0x00000000080006f8       0x74 ./Core/library/f103c8t6_SD/ccsbcs.o
                0x00000000080006f8                ff_convert
 .text.ff_wtoupper
                0x000000000800076c       0x5c ./Core/library/f103c8t6_SD/ccsbcs.o
                0x000000000800076c                ff_wtoupper
 .text.disk_status
                0x00000000080007c8       0x34 ./Core/library/f103c8t6_SD/diskio.o
                0x00000000080007c8                disk_status
 .text.disk_initialize
                0x00000000080007fc       0x4c ./Core/library/f103c8t6_SD/diskio.o
                0x00000000080007fc                disk_initialize
 .text.disk_read
                0x0000000008000848       0x40 ./Core/library/f103c8t6_SD/diskio.o
                0x0000000008000848                disk_read
 .text.disk_write
                0x0000000008000888       0x40 ./Core/library/f103c8t6_SD/diskio.o
                0x0000000008000888                disk_write
 .text.disk_ioctl
                0x00000000080008c8       0x3c ./Core/library/f103c8t6_SD/diskio.o
                0x00000000080008c8                disk_ioctl
 .text.MX_FATFS_Init
                0x0000000008000904       0x24 ./Core/library/f103c8t6_SD/fatfs.o
                0x0000000008000904                MX_FATFS_Init
 .text.get_fattime
                0x0000000008000928        0xe ./Core/library/f103c8t6_SD/fatfs.o
                0x0000000008000928                get_fattime
 *fill*         0x0000000008000936        0x2 
 .text.SELECT   0x0000000008000938       0x18 ./Core/library/f103c8t6_SD/fatfs_sd.o
 .text.DESELECT
                0x0000000008000950       0x18 ./Core/library/f103c8t6_SD/fatfs_sd.o
 .text.SPI_TxByte
                0x0000000008000968       0x34 ./Core/library/f103c8t6_SD/fatfs_sd.o
 .text.SPI_RxByte
                0x000000000800099c       0x3c ./Core/library/f103c8t6_SD/fatfs_sd.o
 .text.SPI_RxBytePtr
                0x00000000080009d8       0x1c ./Core/library/f103c8t6_SD/fatfs_sd.o
 .text.SD_ReadyWait
                0x00000000080009f4       0x38 ./Core/library/f103c8t6_SD/fatfs_sd.o
 .text.SD_PowerOn
                0x0000000008000a2c       0x98 ./Core/library/f103c8t6_SD/fatfs_sd.o
 .text.SD_PowerOff
                0x0000000008000ac4       0x18 ./Core/library/f103c8t6_SD/fatfs_sd.o
 .text.SD_CheckPower
                0x0000000008000adc       0x14 ./Core/library/f103c8t6_SD/fatfs_sd.o
 .text.SD_RxDataBlock
                0x0000000008000af0       0x6c ./Core/library/f103c8t6_SD/fatfs_sd.o
 .text.SD_TxDataBlock
                0x0000000008000b5c       0xa8 ./Core/library/f103c8t6_SD/fatfs_sd.o
 .text.SD_SendCmd
                0x0000000008000c04       0xa4 ./Core/library/f103c8t6_SD/fatfs_sd.o
 .text.SD_disk_initialize
                0x0000000008000ca8      0x1d4 ./Core/library/f103c8t6_SD/fatfs_sd.o
                0x0000000008000ca8                SD_disk_initialize
 .text.SD_disk_status
                0x0000000008000e7c       0x28 ./Core/library/f103c8t6_SD/fatfs_sd.o
                0x0000000008000e7c                SD_disk_status
 .text.SD_disk_read
                0x0000000008000ea4       0xd4 ./Core/library/f103c8t6_SD/fatfs_sd.o
                0x0000000008000ea4                SD_disk_read
 .text.SD_disk_write
                0x0000000008000f78      0x108 ./Core/library/f103c8t6_SD/fatfs_sd.o
                0x0000000008000f78                SD_disk_write
 .text.SD_disk_ioctl
                0x0000000008001080      0x264 ./Core/library/f103c8t6_SD/fatfs_sd.o
                0x0000000008001080                SD_disk_ioctl
 .text.mem_cpy  0x00000000080012e4       0x3c ./Core/library/f103c8t6_SD/ff.o
 .text.mem_set  0x0000000008001320       0x34 ./Core/library/f103c8t6_SD/ff.o
 .text.mem_cmp  0x0000000008001354       0x4c ./Core/library/f103c8t6_SD/ff.o
 .text.chk_chr  0x00000000080013a0       0x34 ./Core/library/f103c8t6_SD/ff.o
 .text.chk_lock
                0x00000000080013d4       0xe0 ./Core/library/f103c8t6_SD/ff.o
 .text.enq_lock
                0x00000000080014b4       0x48 ./Core/library/f103c8t6_SD/ff.o
 .text.inc_lock
                0x00000000080014fc      0x178 ./Core/library/f103c8t6_SD/ff.o
 .text.dec_lock
                0x0000000008001674       0x88 ./Core/library/f103c8t6_SD/ff.o
 .text.clear_lock
                0x00000000080016fc       0x54 ./Core/library/f103c8t6_SD/ff.o
 .text.sync_window
                0x0000000008001750       0xa4 ./Core/library/f103c8t6_SD/ff.o
 .text.move_window
                0x00000000080017f4       0x64 ./Core/library/f103c8t6_SD/ff.o
 .text.sync_fs  0x0000000008001858      0x17e ./Core/library/f103c8t6_SD/ff.o
 .text.clust2sect
                0x00000000080019d6       0x48 ./Core/library/f103c8t6_SD/ff.o
                0x00000000080019d6                clust2sect
 .text.get_fat  0x0000000008001a1e      0x1f8 ./Core/library/f103c8t6_SD/ff.o
                0x0000000008001a1e                get_fat
 .text.put_fat  0x0000000008001c16      0x2a6 ./Core/library/f103c8t6_SD/ff.o
                0x0000000008001c16                put_fat
 .text.remove_chain
                0x0000000008001ebc       0xc2 ./Core/library/f103c8t6_SD/ff.o
 .text.create_chain
                0x0000000008001f7e      0x150 ./Core/library/f103c8t6_SD/ff.o
 .text.clmt_clust
                0x00000000080020ce       0x80 ./Core/library/f103c8t6_SD/ff.o
 .text.dir_sdi  0x000000000800214e      0x19c ./Core/library/f103c8t6_SD/ff.o
 .text.dir_next
                0x00000000080022ea      0x294 ./Core/library/f103c8t6_SD/ff.o
 .text.dir_alloc
                0x000000000800257e       0x9c ./Core/library/f103c8t6_SD/ff.o
 .text.ld_clust
                0x000000000800261a       0x5c ./Core/library/f103c8t6_SD/ff.o
 .text.st_clust
                0x0000000008002676       0x4c ./Core/library/f103c8t6_SD/ff.o
 *fill*         0x00000000080026c2        0x2 
 .text.cmp_lfn  0x00000000080026c4       0xdc ./Core/library/f103c8t6_SD/ff.o
 .text.fit_lfn  0x00000000080027a0       0xe8 ./Core/library/f103c8t6_SD/ff.o
 .text.gen_numname
                0x0000000008002888      0x11c ./Core/library/f103c8t6_SD/ff.o
 .text.sum_sfn  0x00000000080029a4       0x40 ./Core/library/f103c8t6_SD/ff.o
 .text.dir_find
                0x00000000080029e4      0x198 ./Core/library/f103c8t6_SD/ff.o
 .text.dir_register
                0x0000000008002b7c      0x248 ./Core/library/f103c8t6_SD/ff.o
 .text.create_name
                0x0000000008002dc4      0x37c ./Core/library/f103c8t6_SD/ff.o
 .text.follow_path
                0x0000000008003140       0xec ./Core/library/f103c8t6_SD/ff.o
 .text.get_ldnumber
                0x000000000800322c       0x86 ./Core/library/f103c8t6_SD/ff.o
 *fill*         0x00000000080032b2        0x2 
 .text.check_fs
                0x00000000080032b4       0xdc ./Core/library/f103c8t6_SD/ff.o
 .text.find_volume
                0x0000000008003390      0x664 ./Core/library/f103c8t6_SD/ff.o
 .text.validate
                0x00000000080039f4       0x76 ./Core/library/f103c8t6_SD/ff.o
 *fill*         0x0000000008003a6a        0x2 
 .text.f_mount  0x0000000008003a6c       0x94 ./Core/library/f103c8t6_SD/ff.o
                0x0000000008003a6c                f_mount
 .text.f_open   0x0000000008003b00      0x630 ./Core/library/f103c8t6_SD/ff.o
                0x0000000008003b00                f_open
 .text.f_read   0x0000000008004130      0x3d0 ./Core/library/f103c8t6_SD/ff.o
                0x0000000008004130                f_read
 .text.f_sync   0x0000000008004500      0x19c ./Core/library/f103c8t6_SD/ff.o
                0x0000000008004500                f_sync
 .text.f_close  0x000000000800469c       0x56 ./Core/library/f103c8t6_SD/ff.o
                0x000000000800469c                f_close
 .text.f_lseek  0x00000000080046f2      0x5e2 ./Core/library/f103c8t6_SD/ff.o
                0x00000000080046f2                f_lseek
 .text.FATFS_LinkDriverEx
                0x0000000008004cd4       0x94 ./Core/library/f103c8t6_SD/ff_gen_drv.o
                0x0000000008004cd4                FATFS_LinkDriverEx
 .text.FATFS_LinkDriver
                0x0000000008004d68       0x1e ./Core/library/f103c8t6_SD/ff_gen_drv.o
                0x0000000008004d68                FATFS_LinkDriver
 .text.USER_initialize
                0x0000000008004d86       0x1e ./Core/library/f103c8t6_SD/user_diskio.o
                0x0000000008004d86                USER_initialize
 .text.USER_status
                0x0000000008004da4       0x1e ./Core/library/f103c8t6_SD/user_diskio.o
                0x0000000008004da4                USER_status
 .text.USER_read
                0x0000000008004dc2       0x28 ./Core/library/f103c8t6_SD/user_diskio.o
                0x0000000008004dc2                USER_read
 .text.USER_write
                0x0000000008004dea       0x28 ./Core/library/f103c8t6_SD/user_diskio.o
                0x0000000008004dea                USER_write
 .text.USER_ioctl
                0x0000000008004e12       0x28 ./Core/library/f103c8t6_SD/user_diskio.o
                0x0000000008004e12                USER_ioctl
 *fill*         0x0000000008004e3a        0x2 
 .text.HAL_Init
                0x0000000008004e3c       0x2c ./Drivers/STM32F1xx_HAL_Driver/Src/stm32f1xx_hal.o
                0x0000000008004e3c                HAL_Init
 .text.HAL_InitTick
                0x0000000008004e68       0x60 ./Drivers/STM32F1xx_HAL_Driver/Src/stm32f1xx_hal.o
                0x0000000008004e68                HAL_InitTick
 .text.HAL_IncTick
                0x0000000008004ec8       0x24 ./Drivers/STM32F1xx_HAL_Driver/Src/stm32f1xx_hal.o
                0x0000000008004ec8                HAL_IncTick
 .text.HAL_GetTick
                0x0000000008004eec       0x14 ./Drivers/STM32F1xx_HAL_Driver/Src/stm32f1xx_hal.o
                0x0000000008004eec                HAL_GetTick
 .text.HAL_Delay
                0x0000000008004f00       0x48 ./Drivers/STM32F1xx_HAL_Driver/Src/stm32f1xx_hal.o
                0x0000000008004f00                HAL_Delay
 .text.__NVIC_SetPriorityGrouping
                0x0000000008004f48       0x48 ./Drivers/STM32F1xx_HAL_Driver/Src/stm32f1xx_hal_cortex.o
 .text.__NVIC_GetPriorityGrouping
                0x0000000008004f90       0x1c ./Drivers/STM32F1xx_HAL_Driver/Src/stm32f1xx_hal_cortex.o
 .text.__NVIC_SetPriority
                0x0000000008004fac       0x54 ./Drivers/STM32F1xx_HAL_Driver/Src/stm32f1xx_hal_cortex.o
 .text.NVIC_EncodePriority
                0x0000000008005000       0x64 ./Drivers/STM32F1xx_HAL_Driver/Src/stm32f1xx_hal_cortex.o
 .text.SysTick_Config
                0x0000000008005064       0x44 ./Drivers/STM32F1xx_HAL_Driver/Src/stm32f1xx_hal_cortex.o
 .text.HAL_NVIC_SetPriorityGrouping
                0x00000000080050a8       0x16 ./Drivers/STM32F1xx_HAL_Driver/Src/stm32f1xx_hal_cortex.o
                0x00000000080050a8                HAL_NVIC_SetPriorityGrouping
 .text.HAL_NVIC_SetPriority
                0x00000000080050be       0x38 ./Drivers/STM32F1xx_HAL_Driver/Src/stm32f1xx_hal_cortex.o
                0x00000000080050be                HAL_NVIC_SetPriority
 .text.HAL_SYSTICK_Config
                0x00000000080050f6       0x18 ./Drivers/STM32F1xx_HAL_Driver/Src/stm32f1xx_hal_cortex.o
                0x00000000080050f6                HAL_SYSTICK_Config
 *fill*         0x000000000800510e        0x2 
 .text.HAL_GPIO_Init
                0x0000000008005110      0x308 ./Drivers/STM32F1xx_HAL_Driver/Src/stm32f1xx_hal_gpio.o
                0x0000000008005110                HAL_GPIO_Init
 .text.HAL_GPIO_WritePin
                0x0000000008005418       0x30 ./Drivers/STM32F1xx_HAL_Driver/Src/stm32f1xx_hal_gpio.o
                0x0000000008005418                HAL_GPIO_WritePin
 .text.HAL_RCC_OscConfig
                0x0000000008005448      0x504 ./Drivers/STM32F1xx_HAL_Driver/Src/stm32f1xx_hal_rcc.o
                0x0000000008005448                HAL_RCC_OscConfig
 .text.HAL_RCC_ClockConfig
                0x000000000800594c      0x1d4 ./Drivers/STM32F1xx_HAL_Driver/Src/stm32f1xx_hal_rcc.o
                0x000000000800594c                HAL_RCC_ClockConfig
 .text.HAL_RCC_GetSysClockFreq
                0x0000000008005b20       0xa8 ./Drivers/STM32F1xx_HAL_Driver/Src/stm32f1xx_hal_rcc.o
                0x0000000008005b20                HAL_RCC_GetSysClockFreq
 .text.RCC_Delay
                0x0000000008005bc8       0x3c ./Drivers/STM32F1xx_HAL_Driver/Src/stm32f1xx_hal_rcc.o
 .text.HAL_SPI_Init
                0x0000000008005c04      0x108 ./Drivers/STM32F1xx_HAL_Driver/Src/stm32f1xx_hal_spi.o
                0x0000000008005c04                HAL_SPI_Init
 .text.HAL_SPI_Transmit
                0x0000000008005d0c      0x286 ./Drivers/STM32F1xx_HAL_Driver/Src/stm32f1xx_hal_spi.o
                0x0000000008005d0c                HAL_SPI_Transmit
 .text.HAL_SPI_TransmitReceive
                0x0000000008005f92      0x360 ./Drivers/STM32F1xx_HAL_Driver/Src/stm32f1xx_hal_spi.o
                0x0000000008005f92                HAL_SPI_TransmitReceive
 .text.HAL_SPI_GetState
                0x00000000080062f2       0x1a ./Drivers/STM32F1xx_HAL_Driver/Src/stm32f1xx_hal_spi.o
                0x00000000080062f2                HAL_SPI_GetState
 .text.SPI_WaitFlagStateUntilTimeout
                0x000000000800630c      0x110 ./Drivers/STM32F1xx_HAL_Driver/Src/stm32f1xx_hal_spi.o
 .text.SPI_EndRxTxTransaction
                0x000000000800641c       0x3c ./Drivers/STM32F1xx_HAL_Driver/Src/stm32f1xx_hal_spi.o
 .text.HAL_TIM_Base_Init
                0x0000000008006458       0x9e ./Drivers/STM32F1xx_HAL_Driver/Src/stm32f1xx_hal_tim.o
                0x0000000008006458                HAL_TIM_Base_Init
 .text.HAL_TIM_ConfigClockSource
                0x00000000080064f6      0x18e ./Drivers/STM32F1xx_HAL_Driver/Src/stm32f1xx_hal_tim.o
                0x00000000080064f6                HAL_TIM_ConfigClockSource
 .text.TIM_Base_SetConfig
                0x0000000008006684       0xc4 ./Drivers/STM32F1xx_HAL_Driver/Src/stm32f1xx_hal_tim.o
                0x0000000008006684                TIM_Base_SetConfig
 .text.TIM_TI1_ConfigInputStage
                0x0000000008006748       0x5c ./Drivers/STM32F1xx_HAL_Driver/Src/stm32f1xx_hal_tim.o
 .text.TIM_TI2_ConfigInputStage
                0x00000000080067a4       0x5e ./Drivers/STM32F1xx_HAL_Driver/Src/stm32f1xx_hal_tim.o
 .text.TIM_ITRx_SetConfig
                0x0000000008006802       0x34 ./Drivers/STM32F1xx_HAL_Driver/Src/stm32f1xx_hal_tim.o
 .text.TIM_ETR_SetConfig
                0x0000000008006836       0x3e ./Drivers/STM32F1xx_HAL_Driver/Src/stm32f1xx_hal_tim.o
                0x0000000008006836                TIM_ETR_SetConfig
 .text.HAL_TIMEx_MasterConfigSynchronization
                0x0000000008006874       0xbc ./Drivers/STM32F1xx_HAL_Driver/Src/stm32f1xx_hal_tim_ex.o
                0x0000000008006874                HAL_TIMEx_MasterConfigSynchronization
 .text.readFileAndProcessData
                0x0000000008006930      0x200 ./ThisLibrary/sd_file_operations.o
                0x0000000008006930                readFileAndProcessData
 .text.std      0x0000000008006b30       0x6c /opt/st/stm32cubeide_1.14.0/plugins/com.st.stm32cube.ide.mcu.externaltools.gnu-tools-for-stm32.11.3.rel1.linux64_1.1.100.202309141235/tools/bin/../lib/gcc/arm-none-eabi/11.3.1/../../../../arm-none-eabi/lib/thumb/v7-m/nofp/libc_nano.a(libc_a-findfp.o)
 .text.stdio_exit_handler
                0x0000000008006b9c       0x18 /opt/st/stm32cubeide_1.14.0/plugins/com.st.stm32cube.ide.mcu.externaltools.gnu-tools-for-stm32.11.3.rel1.linux64_1.1.100.202309141235/tools/bin/../lib/gcc/arm-none-eabi/11.3.1/../../../../arm-none-eabi/lib/thumb/v7-m/nofp/libc_nano.a(libc_a-findfp.o)
 .text.cleanup_stdio
                0x0000000008006bb4       0x40 /opt/st/stm32cubeide_1.14.0/plugins/com.st.stm32cube.ide.mcu.externaltools.gnu-tools-for-stm32.11.3.rel1.linux64_1.1.100.202309141235/tools/bin/../lib/gcc/arm-none-eabi/11.3.1/../../../../arm-none-eabi/lib/thumb/v7-m/nofp/libc_nano.a(libc_a-findfp.o)
 .text.global_stdio_init.part.0
                0x0000000008006bf4       0x3c /opt/st/stm32cubeide_1.14.0/plugins/com.st.stm32cube.ide.mcu.externaltools.gnu-tools-for-stm32.11.3.rel1.linux64_1.1.100.202309141235/tools/bin/../lib/gcc/arm-none-eabi/11.3.1/../../../../arm-none-eabi/lib/thumb/v7-m/nofp/libc_nano.a(libc_a-findfp.o)
 .text.__sfp_lock_acquire
                0x0000000008006c30        0xc /opt/st/stm32cubeide_1.14.0/plugins/com.st.stm32cube.ide.mcu.externaltools.gnu-tools-for-stm32.11.3.rel1.linux64_1.1.100.202309141235/tools/bin/../lib/gcc/arm-none-eabi/11.3.1/../../../../arm-none-eabi/lib/thumb/v7-m/nofp/libc_nano.a(libc_a-findfp.o)
                0x0000000008006c30                __sfp_lock_acquire
 .text.__sfp_lock_release
                0x0000000008006c3c        0xc /opt/st/stm32cubeide_1.14.0/plugins/com.st.stm32cube.ide.mcu.externaltools.gnu-tools-for-stm32.11.3.rel1.linux64_1.1.100.202309141235/tools/bin/../lib/gcc/arm-none-eabi/11.3.1/../../../../arm-none-eabi/lib/thumb/v7-m/nofp/libc_nano.a(libc_a-findfp.o)
                0x0000000008006c3c                __sfp_lock_release
 .text.__sinit  0x0000000008006c48       0x30 /opt/st/stm32cubeide_1.14.0/plugins/com.st.stm32cube.ide.mcu.externaltools.gnu-tools-for-stm32.11.3.rel1.linux64_1.1.100.202309141235/tools/bin/../lib/gcc/arm-none-eabi/11.3.1/../../../../arm-none-eabi/lib/thumb/v7-m/nofp/libc_nano.a(libc_a-findfp.o)
                0x0000000008006c48                __sinit
 .text._fwalk_sglue
                0x0000000008006c78       0x3c /opt/st/stm32cubeide_1.14.0/plugins/com.st.stm32cube.ide.mcu.externaltools.gnu-tools-for-stm32.11.3.rel1.linux64_1.1.100.202309141235/tools/bin/../lib/gcc/arm-none-eabi/11.3.1/../../../../arm-none-eabi/lib/thumb/v7-m/nofp/libc_nano.a(libc_a-fwalk.o)
                0x0000000008006c78                _fwalk_sglue
 .text.printf   0x0000000008006cb4       0x24 /opt/st/stm32cubeide_1.14.0/plugins/com.st.stm32cube.ide.mcu.externaltools.gnu-tools-for-stm32.11.3.rel1.linux64_1.1.100.202309141235/tools/bin/../lib/gcc/arm-none-eabi/11.3.1/../../../../arm-none-eabi/lib/thumb/v7-m/nofp/libc_nano.a(libc_a-printf.o)
                0x0000000008006cb4                printf
                0x0000000008006cb4                iprintf
 .text.__sread  0x0000000008006cd8       0x22 /opt/st/stm32cubeide_1.14.0/plugins/com.st.stm32cube.ide.mcu.externaltools.gnu-tools-for-stm32.11.3.rel1.linux64_1.1.100.202309141235/tools/bin/../lib/gcc/arm-none-eabi/11.3.1/../../../../arm-none-eabi/lib/thumb/v7-m/nofp/libc_nano.a(libc_a-stdio.o)
                0x0000000008006cd8                __sread
 .text.__swrite
                0x0000000008006cfa       0x38 /opt/st/stm32cubeide_1.14.0/plugins/com.st.stm32cube.ide.mcu.externaltools.gnu-tools-for-stm32.11.3.rel1.linux64_1.1.100.202309141235/tools/bin/../lib/gcc/arm-none-eabi/11.3.1/../../../../arm-none-eabi/lib/thumb/v7-m/nofp/libc_nano.a(libc_a-stdio.o)
                0x0000000008006cfa                __swrite
 .text.__sseek  0x0000000008006d32       0x24 /opt/st/stm32cubeide_1.14.0/plugins/com.st.stm32cube.ide.mcu.externaltools.gnu-tools-for-stm32.11.3.rel1.linux64_1.1.100.202309141235/tools/bin/../lib/gcc/arm-none-eabi/11.3.1/../../../../arm-none-eabi/lib/thumb/v7-m/nofp/libc_nano.a(libc_a-stdio.o)
                0x0000000008006d32                __sseek
 .text.__sclose
                0x0000000008006d56        0x8 /opt/st/stm32cubeide_1.14.0/plugins/com.st.stm32cube.ide.mcu.externaltools.gnu-tools-for-stm32.11.3.rel1.linux64_1.1.100.202309141235/tools/bin/../lib/gcc/arm-none-eabi/11.3.1/../../../../arm-none-eabi/lib/thumb/v7-m/nofp/libc_nano.a(libc_a-stdio.o)
                0x0000000008006d56                __sclose
 .text.memset   0x0000000008006d5e       0x10 /opt/st/stm32cubeide_1.14.0/plugins/com.st.stm32cube.ide.mcu.externaltools.gnu-tools-for-stm32.11.3.rel1.linux64_1.1.100.202309141235/tools/bin/../lib/gcc/arm-none-eabi/11.3.1/../../../../arm-none-eabi/lib/thumb/v7-m/nofp/libc_nano.a(libc_a-memset.o)
                0x0000000008006d5e                memset
 *fill*         0x0000000008006d6e        0x2 
 .text._close_r
                0x0000000008006d70       0x20 /opt/st/stm32cubeide_1.14.0/plugins/com.st.stm32cube.ide.mcu.externaltools.gnu-tools-for-stm32.11.3.rel1.linux64_1.1.100.202309141235/tools/bin/../lib/gcc/arm-none-eabi/11.3.1/../../../../arm-none-eabi/lib/thumb/v7-m/nofp/libc_nano.a(libc_a-closer.o)
                0x0000000008006d70                _close_r
 .text._lseek_r
                0x0000000008006d90       0x24 /opt/st/stm32cubeide_1.14.0/plugins/com.st.stm32cube.ide.mcu.externaltools.gnu-tools-for-stm32.11.3.rel1.linux64_1.1.100.202309141235/tools/bin/../lib/gcc/arm-none-eabi/11.3.1/../../../../arm-none-eabi/lib/thumb/v7-m/nofp/libc_nano.a(libc_a-lseekr.o)
                0x0000000008006d90                _lseek_r
 .text._read_r  0x0000000008006db4       0x24 /opt/st/stm32cubeide_1.14.0/plugins/com.st.stm32cube.ide.mcu.externaltools.gnu-tools-for-stm32.11.3.rel1.linux64_1.1.100.202309141235/tools/bin/../lib/gcc/arm-none-eabi/11.3.1/../../../../arm-none-eabi/lib/thumb/v7-m/nofp/libc_nano.a(libc_a-readr.o)
                0x0000000008006db4                _read_r
 .text._write_r
                0x0000000008006dd8       0x24 /opt/st/stm32cubeide_1.14.0/plugins/com.st.stm32cube.ide.mcu.externaltools.gnu-tools-for-stm32.11.3.rel1.linux64_1.1.100.202309141235/tools/bin/../lib/gcc/arm-none-eabi/11.3.1/../../../../arm-none-eabi/lib/thumb/v7-m/nofp/libc_nano.a(libc_a-writer.o)
                0x0000000008006dd8                _write_r
 .text.__errno  0x0000000008006dfc        0xc /opt/st/stm32cubeide_1.14.0/plugins/com.st.stm32cube.ide.mcu.externaltools.gnu-tools-for-stm32.11.3.rel1.linux64_1.1.100.202309141235/tools/bin/../lib/gcc/arm-none-eabi/11.3.1/../../../../arm-none-eabi/lib/thumb/v7-m/nofp/libc_nano.a(libc_a-errno.o)
                0x0000000008006dfc                __errno
 .text.__libc_init_array
                0x0000000008006e08       0x48 /opt/st/stm32cubeide_1.14.0/plugins/com.st.stm32cube.ide.mcu.externaltools.gnu-tools-for-stm32.11.3.rel1.linux64_1.1.100.202309141235/tools/bin/../lib/gcc/arm-none-eabi/11.3.1/../../../../arm-none-eabi/lib/thumb/v7-m/nofp/libc_nano.a(libc_a-init.o)
                0x0000000008006e08                __libc_init_array
 .text.__retarget_lock_init_recursive
                0x0000000008006e50        0x2 /opt/st/stm32cubeide_1.14.0/plugins/com.st.stm32cube.ide.mcu.externaltools.gnu-tools-for-stm32.11.3.rel1.linux64_1.1.100.202309141235/tools/bin/../lib/gcc/arm-none-eabi/11.3.1/../../../../arm-none-eabi/lib/thumb/v7-m/nofp/libc_nano.a(libc_a-lock.o)
                0x0000000008006e50                __retarget_lock_init_recursive
 .text.__retarget_lock_acquire_recursive
                0x0000000008006e52        0x2 /opt/st/stm32cubeide_1.14.0/plugins/com.st.stm32cube.ide.mcu.externaltools.gnu-tools-for-stm32.11.3.rel1.linux64_1.1.100.202309141235/tools/bin/../lib/gcc/arm-none-eabi/11.3.1/../../../../arm-none-eabi/lib/thumb/v7-m/nofp/libc_nano.a(libc_a-lock.o)
                0x0000000008006e52                __retarget_lock_acquire_recursive
 .text.__retarget_lock_release_recursive
                0x0000000008006e54        0x2 /opt/st/stm32cubeide_1.14.0/plugins/com.st.stm32cube.ide.mcu.externaltools.gnu-tools-for-stm32.11.3.rel1.linux64_1.1.100.202309141235/tools/bin/../lib/gcc/arm-none-eabi/11.3.1/../../../../arm-none-eabi/lib/thumb/v7-m/nofp/libc_nano.a(libc_a-lock.o)
                0x0000000008006e54                __retarget_lock_release_recursive
 *fill*         0x0000000008006e56        0x2 
 .text._free_r  0x0000000008006e58       0x90 /opt/st/stm32cubeide_1.14.0/plugins/com.st.stm32cube.ide.mcu.externaltools.gnu-tools-for-stm32.11.3.rel1.linux64_1.1.100.202309141235/tools/bin/../lib/gcc/arm-none-eabi/11.3.1/../../../../arm-none-eabi/lib/thumb/v7-m/nofp/libc_nano.a(libc_a-freer.o)
                0x0000000008006e58                _free_r
 .text.sbrk_aligned
                0x0000000008006ee8       0x40 /opt/st/stm32cubeide_1.14.0/plugins/com.st.stm32cube.ide.mcu.externaltools.gnu-tools-for-stm32.11.3.rel1.linux64_1.1.100.202309141235/tools/bin/../lib/gcc/arm-none-eabi/11.3.1/../../../../arm-none-eabi/lib/thumb/v7-m/nofp/libc_nano.a(libc_a-mallocr.o)
 .text._malloc_r
                0x0000000008006f28      0x100 /opt/st/stm32cubeide_1.14.0/plugins/com.st.stm32cube.ide.mcu.externaltools.gnu-tools-for-stm32.11.3.rel1.linux64_1.1.100.202309141235/tools/bin/../lib/gcc/arm-none-eabi/11.3.1/../../../../arm-none-eabi/lib/thumb/v7-m/nofp/libc_nano.a(libc_a-mallocr.o)
                0x0000000008006f28                _malloc_r
 .text.__malloc_lock
                0x0000000008007028        0xc /opt/st/stm32cubeide_1.14.0/plugins/com.st.stm32cube.ide.mcu.externaltools.gnu-tools-for-stm32.11.3.rel1.linux64_1.1.100.202309141235/tools/bin/../lib/gcc/arm-none-eabi/11.3.1/../../../../arm-none-eabi/lib/thumb/v7-m/nofp/libc_nano.a(libc_a-mlock.o)
                0x0000000008007028                __malloc_lock
 .text.__malloc_unlock
                0x0000000008007034        0xc /opt/st/stm32cubeide_1.14.0/plugins/com.st.stm32cube.ide.mcu.externaltools.gnu-tools-for-stm32.11.3.rel1.linux64_1.1.100.202309141235/tools/bin/../lib/gcc/arm-none-eabi/11.3.1/../../../../arm-none-eabi/lib/thumb/v7-m/nofp/libc_nano.a(libc_a-mlock.o)
                0x0000000008007034                __malloc_unlock
 .text.__sfputc_r
                0x0000000008007040       0x2a /opt/st/stm32cubeide_1.14.0/plugins/com.st.stm32cube.ide.mcu.externaltools.gnu-tools-for-stm32.11.3.rel1.linux64_1.1.100.202309141235/tools/bin/../lib/gcc/arm-none-eabi/11.3.1/../../../../arm-none-eabi/lib/thumb/v7-m/nofp/libc_nano.a(libc_a-nano-vfprintf.o)
 .text.__sfputs_r
                0x000000000800706a       0x24 /opt/st/stm32cubeide_1.14.0/plugins/com.st.stm32cube.ide.mcu.externaltools.gnu-tools-for-stm32.11.3.rel1.linux64_1.1.100.202309141235/tools/bin/../lib/gcc/arm-none-eabi/11.3.1/../../../../arm-none-eabi/lib/thumb/v7-m/nofp/libc_nano.a(libc_a-nano-vfprintf.o)
                0x000000000800706a                __sfputs_r
 *fill*         0x000000000800708e        0x2 
 .text._vfprintf_r
                0x0000000008007090      0x234 /opt/st/stm32cubeide_1.14.0/plugins/com.st.stm32cube.ide.mcu.externaltools.gnu-tools-for-stm32.11.3.rel1.linux64_1.1.100.202309141235/tools/bin/../lib/gcc/arm-none-eabi/11.3.1/../../../../arm-none-eabi/lib/thumb/v7-m/nofp/libc_nano.a(libc_a-nano-vfprintf.o)
                0x0000000008007090                _vfiprintf_r
                0x0000000008007090                _vfprintf_r
 .text._printf_common
                0x00000000080072c4       0xe4 /opt/st/stm32cubeide_1.14.0/plugins/com.st.stm32cube.ide.mcu.externaltools.gnu-tools-for-stm32.11.3.rel1.linux64_1.1.100.202309141235/tools/bin/../lib/gcc/arm-none-eabi/11.3.1/../../../../arm-none-eabi/lib/thumb/v7-m/nofp/libc_nano.a(libc_a-nano-vfprintf_i.o)
                0x00000000080072c4                _printf_common
 .text._printf_i
                0x00000000080073a8      0x244 /opt/st/stm32cubeide_1.14.0/plugins/com.st.stm32cube.ide.mcu.externaltools.gnu-tools-for-stm32.11.3.rel1.linux64_1.1.100.202309141235/tools/bin/../lib/gcc/arm-none-eabi/11.3.1/../../../../arm-none-eabi/lib/thumb/v7-m/nofp/libc_nano.a(libc_a-nano-vfprintf_i.o)
                0x00000000080073a8                _printf_i
 .text.__sflush_r
                0x00000000080075ec      0x104 /opt/st/stm32cubeide_1.14.0/plugins/com.st.stm32cube.ide.mcu.externaltools.gnu-tools-for-stm32.11.3.rel1.linux64_1.1.100.202309141235/tools/bin/../lib/gcc/arm-none-eabi/11.3.1/../../../../arm-none-eabi/lib/thumb/v7-m/nofp/libc_nano.a(libc_a-fflush.o)
                0x00000000080075ec                __sflush_r
 .text._fflush_r
                0x00000000080076f0       0x50 /opt/st/stm32cubeide_1.14.0/plugins/com.st.stm32cube.ide.mcu.externaltools.gnu-tools-for-stm32.11.3.rel1.linux64_1.1.100.202309141235/tools/bin/../lib/gcc/arm-none-eabi/11.3.1/../../../../arm-none-eabi/lib/thumb/v7-m/nofp/libc_nano.a(libc_a-fflush.o)
                0x00000000080076f0                _fflush_r
 .text.__swbuf_r
                0x0000000008007740       0x7a /opt/st/stm32cubeide_1.14.0/plugins/com.st.stm32cube.ide.mcu.externaltools.gnu-tools-for-stm32.11.3.rel1.linux64_1.1.100.202309141235/tools/bin/../lib/gcc/arm-none-eabi/11.3.1/../../../../arm-none-eabi/lib/thumb/v7-m/nofp/libc_nano.a(libc_a-wbuf.o)
                0x0000000008007740                __swbuf_r
 *fill*         0x00000000080077ba        0x2 
 .text.__swsetup_r
                0x00000000080077bc       0xb0 /opt/st/stm32cubeide_1.14.0/plugins/com.st.stm32cube.ide.mcu.externaltools.gnu-tools-for-stm32.11.3.rel1.linux64_1.1.100.202309141235/tools/bin/../lib/gcc/arm-none-eabi/11.3.1/../../../../arm-none-eabi/lib/thumb/v7-m/nofp/libc_nano.a(libc_a-wsetup.o)
                0x00000000080077bc                __swsetup_r
 .text._sbrk_r  0x000000000800786c       0x20 /opt/st/stm32cubeide_1.14.0/plugins/com.st.stm32cube.ide.mcu.externaltools.gnu-tools-for-stm32.11.3.rel1.linux64_1.1.100.202309141235/tools/bin/../lib/gcc/arm-none-eabi/11.3.1/../../../../arm-none-eabi/lib/thumb/v7-m/nofp/libc_nano.a(libc_a-sbrkr.o)
                0x000000000800786c                _sbrk_r
 .text.memchr   0x000000000800788c       0x1c /opt/st/stm32cubeide_1.14.0/plugins/com.st.stm32cube.ide.mcu.externaltools.gnu-tools-for-stm32.11.3.rel1.linux64_1.1.100.202309141235/tools/bin/../lib/gcc/arm-none-eabi/11.3.1/../../../../arm-none-eabi/lib/thumb/v7-m/nofp/libc_nano.a(libc_a-memchr-stub.o)
                0x000000000800788c                memchr
 .text.__swhatbuf_r
                0x00000000080078a8       0x4a /opt/st/stm32cubeide_1.14.0/plugins/com.st.stm32cube.ide.mcu.externaltools.gnu-tools-for-stm32.11.3.rel1.linux64_1.1.100.202309141235/tools/bin/../lib/gcc/arm-none-eabi/11.3.1/../../../../arm-none-eabi/lib/thumb/v7-m/nofp/libc_nano.a(libc_a-makebuf.o)
                0x00000000080078a8                __swhatbuf_r
 .text.__smakebuf_r
                0x00000000080078f2       0x78 /opt/st/stm32cubeide_1.14.0/plugins/com.st.stm32cube.ide.mcu.externaltools.gnu-tools-for-stm32.11.3.rel1.linux64_1.1.100.202309141235/tools/bin/../lib/gcc/arm-none-eabi/11.3.1/../../../../arm-none-eabi/lib/thumb/v7-m/nofp/libc_nano.a(libc_a-makebuf.o)
                0x00000000080078f2                __smakebuf_r
 *fill*         0x000000000800796a        0x2 
 .text._fstat_r
                0x000000000800796c       0x24 /opt/st/stm32cubeide_1.14.0/plugins/com.st.stm32cube.ide.mcu.externaltools.gnu-tools-for-stm32.11.3.rel1.linux64_1.1.100.202309141235/tools/bin/../lib/gcc/arm-none-eabi/11.3.1/../../../../arm-none-eabi/lib/thumb/v7-m/nofp/libc_nano.a(libc_a-fstatr.o)
                0x000000000800796c                _fstat_r
 .text._isatty_r
                0x0000000008007990       0x20 /opt/st/stm32cubeide_1.14.0/plugins/com.st.stm32cube.ide.mcu.externaltools.gnu-tools-for-stm32.11.3.rel1.linux64_1.1.100.202309141235/tools/bin/../lib/gcc/arm-none-eabi/11.3.1/../../../../arm-none-eabi/lib/thumb/v7-m/nofp/libc_nano.a(libc_a-isattyr.o)
                0x0000000008007990                _isatty_r
 *(.glue_7)
 .glue_7        0x00000000080079b0        0x0 linker stubs
 *(.glue_7t)
 .glue_7t       0x00000000080079b0        0x0 linker stubs
 *(.eh_frame)
 .eh_frame      0x00000000080079b0        0x0 /opt/st/stm32cubeide_1.14.0/plugins/com.st.stm32cube.ide.mcu.externaltools.gnu-tools-for-stm32.11.3.rel1.linux64_1.1.100.202309141235/tools/bin/../lib/gcc/arm-none-eabi/11.3.1/thumb/v7-m/nofp/crtbegin.o
 *(.init)
 .init          0x00000000080079b0        0x4 /opt/st/stm32cubeide_1.14.0/plugins/com.st.stm32cube.ide.mcu.externaltools.gnu-tools-for-stm32.11.3.rel1.linux64_1.1.100.202309141235/tools/bin/../lib/gcc/arm-none-eabi/11.3.1/thumb/v7-m/nofp/crti.o
                0x00000000080079b0                _init
 .init          0x00000000080079b4        0x8 /opt/st/stm32cubeide_1.14.0/plugins/com.st.stm32cube.ide.mcu.externaltools.gnu-tools-for-stm32.11.3.rel1.linux64_1.1.100.202309141235/tools/bin/../lib/gcc/arm-none-eabi/11.3.1/thumb/v7-m/nofp/crtn.o
 *(.fini)
 .fini          0x00000000080079bc        0x4 /opt/st/stm32cubeide_1.14.0/plugins/com.st.stm32cube.ide.mcu.externaltools.gnu-tools-for-stm32.11.3.rel1.linux64_1.1.100.202309141235/tools/bin/../lib/gcc/arm-none-eabi/11.3.1/thumb/v7-m/nofp/crti.o
                0x00000000080079bc                _fini
 .fini          0x00000000080079c0        0x8 /opt/st/stm32cubeide_1.14.0/plugins/com.st.stm32cube.ide.mcu.externaltools.gnu-tools-for-stm32.11.3.rel1.linux64_1.1.100.202309141235/tools/bin/../lib/gcc/arm-none-eabi/11.3.1/thumb/v7-m/nofp/crtn.o
                0x00000000080079c8                . = ALIGN (0x4)
                0x00000000080079c8                _etext = .

.vfp11_veneer   0x00000000080079c8        0x0
 .vfp11_veneer  0x00000000080079c8        0x0 linker stubs

.v4_bx          0x00000000080079c8        0x0
 .v4_bx         0x00000000080079c8        0x0 linker stubs

.iplt           0x00000000080079c8        0x0
 .iplt          0x00000000080079c8        0x0 /opt/st/stm32cubeide_1.14.0/plugins/com.st.stm32cube.ide.mcu.externaltools.gnu-tools-for-stm32.11.3.rel1.linux64_1.1.100.202309141235/tools/bin/../lib/gcc/arm-none-eabi/11.3.1/thumb/v7-m/nofp/crtbegin.o

.rodata         0x00000000080079c8      0x604
                0x00000000080079c8                . = ALIGN (0x4)
 *(.rodata)
 .rodata        0x00000000080079c8        0x9 ./Core/Src/main.o
 *fill*         0x00000000080079d1        0x3 
 .rodata        0x00000000080079d4       0x48 ./Core/library/f103c8t6_SD/ff.o
 .rodata        0x0000000008007a1c        0x8 ./ThisLibrary/sd_file_operations.o
 *(.rodata*)
 .rodata.AHBPrescTable
                0x0000000008007a24       0x10 ./Core/Src/system_stm32f1xx.o
                0x0000000008007a24                AHBPrescTable
 .rodata.Tbl    0x0000000008007a34      0x100 ./Core/library/f103c8t6_SD/ccsbcs.o
 .rodata.tbl_lower.1
                0x0000000008007b34      0x1e0 ./Core/library/f103c8t6_SD/ccsbcs.o
 .rodata.tbl_upper.0
                0x0000000008007d14      0x1e0 ./Core/library/f103c8t6_SD/ccsbcs.o
 .rodata.ExCvt  0x0000000008007ef4       0x80 ./Core/library/f103c8t6_SD/ff.o
 .rodata.LfnOfs
                0x0000000008007f74        0xd ./Core/library/f103c8t6_SD/ff.o
 *fill*         0x0000000008007f81        0x3 
 .rodata.aPLLMULFactorTable.1
                0x0000000008007f84       0x10 ./Drivers/STM32F1xx_HAL_Driver/Src/stm32f1xx_hal_rcc.o
 .rodata.aPredivFactorTable.0
                0x0000000008007f94        0x2 ./Drivers/STM32F1xx_HAL_Driver/Src/stm32f1xx_hal_rcc.o
 .rodata._vfprintf_r.str1.1
                0x0000000008007f96       0x11 /opt/st/stm32cubeide_1.14.0/plugins/com.st.stm32cube.ide.mcu.externaltools.gnu-tools-for-stm32.11.3.rel1.linux64_1.1.100.202309141235/tools/bin/../lib/gcc/arm-none-eabi/11.3.1/../../../../arm-none-eabi/lib/thumb/v7-m/nofp/libc_nano.a(libc_a-nano-vfprintf.o)
 .rodata._printf_i.str1.1
                0x0000000008007fa7       0x22 /opt/st/stm32cubeide_1.14.0/plugins/com.st.stm32cube.ide.mcu.externaltools.gnu-tools-for-stm32.11.3.rel1.linux64_1.1.100.202309141235/tools/bin/../lib/gcc/arm-none-eabi/11.3.1/../../../../arm-none-eabi/lib/thumb/v7-m/nofp/libc_nano.a(libc_a-nano-vfprintf_i.o)
                0x0000000008007fcc                . = ALIGN (0x4)
 *fill*         0x0000000008007fc9        0x3 

.rel.dyn        0x0000000008007fcc        0x0
 .rel.iplt      0x0000000008007fcc        0x0 /opt/st/stm32cubeide_1.14.0/plugins/com.st.stm32cube.ide.mcu.externaltools.gnu-tools-for-stm32.11.3.rel1.linux64_1.1.100.202309141235/tools/bin/../lib/gcc/arm-none-eabi/11.3.1/thumb/v7-m/nofp/crtbegin.o

.ARM.extab      0x0000000008007fcc        0x0
                0x0000000008007fcc                . = ALIGN (0x4)
 *(.ARM.extab* .gnu.linkonce.armextab.*)
                0x0000000008007fcc                . = ALIGN (0x4)

.ARM            0x0000000008007fcc        0x0
                0x0000000008007fcc                . = ALIGN (0x4)
                0x0000000008007fcc                __exidx_start = .
 *(.ARM.exidx*)
                0x0000000008007fcc                __exidx_end = .
                0x0000000008007fcc                . = ALIGN (0x4)

.preinit_array  0x0000000008007fcc        0x0
                0x0000000008007fcc                . = ALIGN (0x4)
                0x0000000008007fcc                PROVIDE (__preinit_array_start = .)
 *(.preinit_array*)
                0x0000000008007fcc                PROVIDE (__preinit_array_end = .)
                0x0000000008007fcc                . = ALIGN (0x4)

.init_array     0x0000000008007fcc        0x4
                0x0000000008007fcc                . = ALIGN (0x4)
                0x0000000008007fcc                PROVIDE (__init_array_start = .)
 *(SORT_BY_NAME(.init_array.*))
 *(.init_array*)
 .init_array    0x0000000008007fcc        0x4 /opt/st/stm32cubeide_1.14.0/plugins/com.st.stm32cube.ide.mcu.externaltools.gnu-tools-for-stm32.11.3.rel1.linux64_1.1.100.202309141235/tools/bin/../lib/gcc/arm-none-eabi/11.3.1/thumb/v7-m/nofp/crtbegin.o
                0x0000000008007fd0                PROVIDE (__init_array_end = .)
                0x0000000008007fd0                . = ALIGN (0x4)

.fini_array     0x0000000008007fd0        0x4
                0x0000000008007fd0                . = ALIGN (0x4)
                [!provide]                        PROVIDE (__fini_array_start = .)
 *(SORT_BY_NAME(.fini_array.*))
 *(.fini_array*)
 .fini_array    0x0000000008007fd0        0x4 /opt/st/stm32cubeide_1.14.0/plugins/com.st.stm32cube.ide.mcu.externaltools.gnu-tools-for-stm32.11.3.rel1.linux64_1.1.100.202309141235/tools/bin/../lib/gcc/arm-none-eabi/11.3.1/thumb/v7-m/nofp/crtbegin.o
                [!provide]                        PROVIDE (__fini_array_end = .)
                0x0000000008007fd4                . = ALIGN (0x4)
                0x0000000008007fd4                _sidata = LOADADDR (.data)

.data           0x0000000020000000       0x80 load address 0x0000000008007fd4
                0x0000000020000000                . = ALIGN (0x4)
                0x0000000020000000                _sdata = .
 *(.data)
 *(.data*)
 .data.SystemCoreClock
                0x0000000020000000        0x4 ./Core/Src/system_stm32f1xx.o
                0x0000000020000000                SystemCoreClock
 .data.Stat     0x0000000020000004        0x1 ./Core/library/f103c8t6_SD/fatfs_sd.o
 *fill*         0x0000000020000005        0x3 
 .data.USER_Driver
                0x0000000020000008       0x14 ./Core/library/f103c8t6_SD/user_diskio.o
                0x0000000020000008                USER_Driver
 .data.uwTickPrio
                0x000000002000001c        0x4 ./Drivers/STM32F1xx_HAL_Driver/Src/stm32f1xx_hal.o
                0x000000002000001c                uwTickPrio
 .data.uwTickFreq
                0x0000000020000020        0x1 ./Drivers/STM32F1xx_HAL_Driver/Src/stm32f1xx_hal.o
                0x0000000020000020                uwTickFreq
 *fill*         0x0000000020000021        0x3 
 .data.__sglue  0x0000000020000024        0xc /opt/st/stm32cubeide_1.14.0/plugins/com.st.stm32cube.ide.mcu.externaltools.gnu-tools-for-stm32.11.3.rel1.linux64_1.1.100.202309141235/tools/bin/../lib/gcc/arm-none-eabi/11.3.1/../../../../arm-none-eabi/lib/thumb/v7-m/nofp/libc_nano.a(libc_a-findfp.o)
                0x0000000020000024                __sglue
 .data._impure_data
                0x0000000020000030       0x4c /opt/st/stm32cubeide_1.14.0/plugins/com.st.stm32cube.ide.mcu.externaltools.gnu-tools-for-stm32.11.3.rel1.linux64_1.1.100.202309141235/tools/bin/../lib/gcc/arm-none-eabi/11.3.1/../../../../arm-none-eabi/lib/thumb/v7-m/nofp/libc_nano.a(libc_a-impure.o)
                0x0000000020000030                _impure_data
 .data._impure_ptr
                0x000000002000007c        0x4 /opt/st/stm32cubeide_1.14.0/plugins/com.st.stm32cube.ide.mcu.externaltools.gnu-tools-for-stm32.11.3.rel1.linux64_1.1.100.202309141235/tools/bin/../lib/gcc/arm-none-eabi/11.3.1/../../../../arm-none-eabi/lib/thumb/v7-m/nofp/libc_nano.a(libc_a-impure.o)
                0x000000002000007c                _impure_ptr
 *(.RamFunc)
 *(.RamFunc*)
                0x0000000020000080                . = ALIGN (0x4)
                0x0000000020000080                _edata = .

.igot.plt       0x0000000020000080        0x0 load address 0x0000000008008054
 .igot.plt      0x0000000020000080        0x0 /opt/st/stm32cubeide_1.14.0/plugins/com.st.stm32cube.ide.mcu.externaltools.gnu-tools-for-stm32.11.3.rel1.linux64_1.1.100.202309141235/tools/bin/../lib/gcc/arm-none-eabi/11.3.1/thumb/v7-m/nofp/crtbegin.o
                0x0000000020000080                . = ALIGN (0x4)

.bss            0x0000000020000080      0x448 load address 0x0000000008008054
                0x0000000020000080                _sbss = .
                0x0000000020000080                __bss_start__ = _sbss
 *(.bss)
 .bss           0x0000000020000080       0x1c /opt/st/stm32cubeide_1.14.0/plugins/com.st.stm32cube.ide.mcu.externaltools.gnu-tools-for-stm32.11.3.rel1.linux64_1.1.100.202309141235/tools/bin/../lib/gcc/arm-none-eabi/11.3.1/thumb/v7-m/nofp/crtbegin.o
 *(.bss*)
 .bss.hspi1     0x000000002000009c       0x58 ./Core/Src/main.o
                0x000000002000009c                hspi1
 .bss.htim2     0x00000000200000f4       0x48 ./Core/Src/main.o
                0x00000000200000f4                htim2
 .bss.__sbrk_heap_end
                0x000000002000013c        0x4 ./Core/Src/sysmem.o
 .bss.retUSER   0x0000000020000140        0x1 ./Core/library/f103c8t6_SD/fatfs.o
                0x0000000020000140                retUSER
 *fill*         0x0000000020000141        0x3 
 .bss.USERPath  0x0000000020000144        0x4 ./Core/library/f103c8t6_SD/fatfs.o
                0x0000000020000144                USERPath
 .bss.Timer1    0x0000000020000148        0x1 ./Core/library/f103c8t6_SD/fatfs_sd.o
                0x0000000020000148                Timer1
 .bss.Timer2    0x0000000020000149        0x1 ./Core/library/f103c8t6_SD/fatfs_sd.o
                0x0000000020000149                Timer2
 .bss.CardType  0x000000002000014a        0x1 ./Core/library/f103c8t6_SD/fatfs_sd.o
 .bss.PowerFlag
                0x000000002000014b        0x1 ./Core/library/f103c8t6_SD/fatfs_sd.o
 .bss.FatFs     0x000000002000014c        0x4 ./Core/library/f103c8t6_SD/ff.o
 .bss.Fsid      0x0000000020000150        0x2 ./Core/library/f103c8t6_SD/ff.o
 *fill*         0x0000000020000152        0x2 
 .bss.Files     0x0000000020000154       0x18 ./Core/library/f103c8t6_SD/ff.o
 .bss.LfnBuf    0x000000002000016c      0x200 ./Core/library/f103c8t6_SD/ff.o
 .bss.disk      0x000000002000036c        0xc ./Core/library/f103c8t6_SD/ff_gen_drv.o
                0x000000002000036c                disk
 .bss.uwTick    0x0000000020000378        0x4 ./Drivers/STM32F1xx_HAL_Driver/Src/stm32f1xx_hal.o
                0x0000000020000378                uwTick
 .bss.__sf      0x000000002000037c      0x138 /opt/st/stm32cubeide_1.14.0/plugins/com.st.stm32cube.ide.mcu.externaltools.gnu-tools-for-stm32.11.3.rel1.linux64_1.1.100.202309141235/tools/bin/../lib/gcc/arm-none-eabi/11.3.1/../../../../arm-none-eabi/lib/thumb/v7-m/nofp/libc_nano.a(libc_a-findfp.o)
                0x000000002000037c                __sf
 .bss.__stdio_exit_handler
                0x00000000200004b4        0x4 /opt/st/stm32cubeide_1.14.0/plugins/com.st.stm32cube.ide.mcu.externaltools.gnu-tools-for-stm32.11.3.rel1.linux64_1.1.100.202309141235/tools/bin/../lib/gcc/arm-none-eabi/11.3.1/../../../../arm-none-eabi/lib/thumb/v7-m/nofp/libc_nano.a(libc_a-findfp.o)
                0x00000000200004b4                __stdio_exit_handler
 .bss.errno     0x00000000200004b8        0x4 /opt/st/stm32cubeide_1.14.0/plugins/com.st.stm32cube.ide.mcu.externaltools.gnu-tools-for-stm32.11.3.rel1.linux64_1.1.100.202309141235/tools/bin/../lib/gcc/arm-none-eabi/11.3.1/../../../../arm-none-eabi/lib/thumb/v7-m/nofp/libc_nano.a(libc_a-reent.o)
                0x00000000200004b8                errno
 .bss.__lock___malloc_recursive_mutex
                0x00000000200004bc        0x1 /opt/st/stm32cubeide_1.14.0/plugins/com.st.stm32cube.ide.mcu.externaltools.gnu-tools-for-stm32.11.3.rel1.linux64_1.1.100.202309141235/tools/bin/../lib/gcc/arm-none-eabi/11.3.1/../../../../arm-none-eabi/lib/thumb/v7-m/nofp/libc_nano.a(libc_a-lock.o)
                0x00000000200004bc                __lock___malloc_recursive_mutex
 .bss.__lock___sfp_recursive_mutex
                0x00000000200004bd        0x1 /opt/st/stm32cubeide_1.14.0/plugins/com.st.stm32cube.ide.mcu.externaltools.gnu-tools-for-stm32.11.3.rel1.linux64_1.1.100.202309141235/tools/bin/../lib/gcc/arm-none-eabi/11.3.1/../../../../arm-none-eabi/lib/thumb/v7-m/nofp/libc_nano.a(libc_a-lock.o)
                0x00000000200004bd                __lock___sfp_recursive_mutex
 *fill*         0x00000000200004be        0x2 
 .bss.__malloc_free_list
                0x00000000200004c0        0x4 /opt/st/stm32cubeide_1.14.0/plugins/com.st.stm32cube.ide.mcu.externaltools.gnu-tools-for-stm32.11.3.rel1.linux64_1.1.100.202309141235/tools/bin/../lib/gcc/arm-none-eabi/11.3.1/../../../../arm-none-eabi/lib/thumb/v7-m/nofp/libc_nano.a(libc_a-mallocr.o)
                0x00000000200004c0                __malloc_free_list
 .bss.__malloc_sbrk_start
                0x00000000200004c4        0x4 /opt/st/stm32cubeide_1.14.0/plugins/com.st.stm32cube.ide.mcu.externaltools.gnu-tools-for-stm32.11.3.rel1.linux64_1.1.100.202309141235/tools/bin/../lib/gcc/arm-none-eabi/11.3.1/../../../../arm-none-eabi/lib/thumb/v7-m/nofp/libc_nano.a(libc_a-mallocr.o)
                0x00000000200004c4                __malloc_sbrk_start
 *(COMMON)
                0x00000000200004c8                . = ALIGN (0x4)
                0x00000000200004c8                _ebss = .
                0x00000000200004c8                __bss_end__ = _ebss

._user_heap_stack
                0x00000000200004c8      0x600 load address 0x0000000008008054
                0x00000000200004c8                . = ALIGN (0x8)
                [!provide]                        PROVIDE (end = .)
                0x00000000200004c8                PROVIDE (_end = .)
                0x00000000200006c8                . = (. + _Min_Heap_Size)
 *fill*         0x00000000200004c8      0x200 
                0x0000000020000ac8                . = (. + _Min_Stack_Size)
 *fill*         0x00000000200006c8      0x400 
                0x0000000020000ac8                . = ALIGN (0x8)

/DISCARD/
 libc.a(*)
 libm.a(*)
 libgcc.a(*)

.ARM.attributes
                0x0000000000000000       0x29
 *(.ARM.attributes)
 .ARM.attributes
                0x0000000000000000       0x1d /opt/st/stm32cubeide_1.14.0/plugins/com.st.stm32cube.ide.mcu.externaltools.gnu-tools-for-stm32.11.3.rel1.linux64_1.1.100.202309141235/tools/bin/../lib/gcc/arm-none-eabi/11.3.1/thumb/v7-m/nofp/crti.o
 .ARM.attributes
                0x000000000000001d       0x2d /opt/st/stm32cubeide_1.14.0/plugins/com.st.stm32cube.ide.mcu.externaltools.gnu-tools-for-stm32.11.3.rel1.linux64_1.1.100.202309141235/tools/bin/../lib/gcc/arm-none-eabi/11.3.1/thumb/v7-m/nofp/crtbegin.o
 .ARM.attributes
                0x000000000000004a       0x2d ./Core/Src/main.o
 .ARM.attributes
                0x0000000000000077       0x2d ./Core/Src/stm32f1xx_hal_msp.o
 .ARM.attributes
                0x00000000000000a4       0x2d ./Core/Src/stm32f1xx_it.o
 .ARM.attributes
                0x00000000000000d1       0x2d ./Core/Src/syscalls.o
 .ARM.attributes
                0x00000000000000fe       0x2d ./Core/Src/sysmem.o
 .ARM.attributes
                0x000000000000012b       0x2d ./Core/Src/system_stm32f1xx.o
 .ARM.attributes
                0x0000000000000158       0x21 ./Core/Startup/startup_stm32f103c8tx.o
 .ARM.attributes
                0x0000000000000179       0x2d ./Core/library/f103c8t6_SD/ccsbcs.o
 .ARM.attributes
                0x00000000000001a6       0x2d ./Core/library/f103c8t6_SD/diskio.o
 .ARM.attributes
                0x00000000000001d3       0x2d ./Core/library/f103c8t6_SD/fatfs.o
 .ARM.attributes
                0x0000000000000200       0x2d ./Core/library/f103c8t6_SD/fatfs_sd.o
 .ARM.attributes
                0x000000000000022d       0x2d ./Core/library/f103c8t6_SD/ff.o
 .ARM.attributes
                0x000000000000025a       0x2d ./Core/library/f103c8t6_SD/ff_gen_drv.o
 .ARM.attributes
                0x0000000000000287       0x2d ./Core/library/f103c8t6_SD/user_diskio.o
 .ARM.attributes
                0x00000000000002b4       0x2d ./Drivers/STM32F1xx_HAL_Driver/Src/stm32f1xx_hal.o
 .ARM.attributes
                0x00000000000002e1       0x2d ./Drivers/STM32F1xx_HAL_Driver/Src/stm32f1xx_hal_cortex.o
 .ARM.attributes
                0x000000000000030e       0x2d ./Drivers/STM32F1xx_HAL_Driver/Src/stm32f1xx_hal_gpio.o
 .ARM.attributes
                0x000000000000033b       0x2d ./Drivers/STM32F1xx_HAL_Driver/Src/stm32f1xx_hal_rcc.o
 .ARM.attributes
                0x0000000000000368       0x2d ./Drivers/STM32F1xx_HAL_Driver/Src/stm32f1xx_hal_spi.o
 .ARM.attributes
                0x0000000000000395       0x2d ./Drivers/STM32F1xx_HAL_Driver/Src/stm32f1xx_hal_tim.o
 .ARM.attributes
                0x00000000000003c2       0x2d ./Drivers/STM32F1xx_HAL_Driver/Src/stm32f1xx_hal_tim_ex.o
 .ARM.attributes
                0x00000000000003ef       0x2d ./ThisLibrary/sd_file_operations.o
 .ARM.attributes
                0x000000000000041c       0x2d /opt/st/stm32cubeide_1.14.0/plugins/com.st.stm32cube.ide.mcu.externaltools.gnu-tools-for-stm32.11.3.rel1.linux64_1.1.100.202309141235/tools/bin/../lib/gcc/arm-none-eabi/11.3.1/../../../../arm-none-eabi/lib/thumb/v7-m/nofp/libc_nano.a(libc_a-findfp.o)
 .ARM.attributes
                0x0000000000000449       0x2d /opt/st/stm32cubeide_1.14.0/plugins/com.st.stm32cube.ide.mcu.externaltools.gnu-tools-for-stm32.11.3.rel1.linux64_1.1.100.202309141235/tools/bin/../lib/gcc/arm-none-eabi/11.3.1/../../../../arm-none-eabi/lib/thumb/v7-m/nofp/libc_nano.a(libc_a-fwalk.o)
 .ARM.attributes
                0x0000000000000476       0x2d /opt/st/stm32cubeide_1.14.0/plugins/com.st.stm32cube.ide.mcu.externaltools.gnu-tools-for-stm32.11.3.rel1.linux64_1.1.100.202309141235/tools/bin/../lib/gcc/arm-none-eabi/11.3.1/../../../../arm-none-eabi/lib/thumb/v7-m/nofp/libc_nano.a(libc_a-printf.o)
 .ARM.attributes
                0x00000000000004a3       0x2d /opt/st/stm32cubeide_1.14.0/plugins/com.st.stm32cube.ide.mcu.externaltools.gnu-tools-for-stm32.11.3.rel1.linux64_1.1.100.202309141235/tools/bin/../lib/gcc/arm-none-eabi/11.3.1/../../../../arm-none-eabi/lib/thumb/v7-m/nofp/libc_nano.a(libc_a-stdio.o)
 .ARM.attributes
                0x00000000000004d0       0x2d /opt/st/stm32cubeide_1.14.0/plugins/com.st.stm32cube.ide.mcu.externaltools.gnu-tools-for-stm32.11.3.rel1.linux64_1.1.100.202309141235/tools/bin/../lib/gcc/arm-none-eabi/11.3.1/../../../../arm-none-eabi/lib/thumb/v7-m/nofp/libc_nano.a(libc_a-memset.o)
 .ARM.attributes
                0x00000000000004fd       0x2d /opt/st/stm32cubeide_1.14.0/plugins/com.st.stm32cube.ide.mcu.externaltools.gnu-tools-for-stm32.11.3.rel1.linux64_1.1.100.202309141235/tools/bin/../lib/gcc/arm-none-eabi/11.3.1/../../../../arm-none-eabi/lib/thumb/v7-m/nofp/libc_nano.a(libc_a-closer.o)
 .ARM.attributes
                0x000000000000052a       0x2d /opt/st/stm32cubeide_1.14.0/plugins/com.st.stm32cube.ide.mcu.externaltools.gnu-tools-for-stm32.11.3.rel1.linux64_1.1.100.202309141235/tools/bin/../lib/gcc/arm-none-eabi/11.3.1/../../../../arm-none-eabi/lib/thumb/v7-m/nofp/libc_nano.a(libc_a-reent.o)
 .ARM.attributes
                0x0000000000000557       0x2d /opt/st/stm32cubeide_1.14.0/plugins/com.st.stm32cube.ide.mcu.externaltools.gnu-tools-for-stm32.11.3.rel1.linux64_1.1.100.202309141235/tools/bin/../lib/gcc/arm-none-eabi/11.3.1/../../../../arm-none-eabi/lib/thumb/v7-m/nofp/libc_nano.a(libc_a-impure.o)
 .ARM.attributes
                0x0000000000000584       0x2d /opt/st/stm32cubeide_1.14.0/plugins/com.st.stm32cube.ide.mcu.externaltools.gnu-tools-for-stm32.11.3.rel1.linux64_1.1.100.202309141235/tools/bin/../lib/gcc/arm-none-eabi/11.3.1/../../../../arm-none-eabi/lib/thumb/v7-m/nofp/libc_nano.a(libc_a-lseekr.o)
 .ARM.attributes
                0x00000000000005b1       0x2d /opt/st/stm32cubeide_1.14.0/plugins/com.st.stm32cube.ide.mcu.externaltools.gnu-tools-for-stm32.11.3.rel1.linux64_1.1.100.202309141235/tools/bin/../lib/gcc/arm-none-eabi/11.3.1/../../../../arm-none-eabi/lib/thumb/v7-m/nofp/libc_nano.a(libc_a-readr.o)
 .ARM.attributes
                0x00000000000005de       0x2d /opt/st/stm32cubeide_1.14.0/plugins/com.st.stm32cube.ide.mcu.externaltools.gnu-tools-for-stm32.11.3.rel1.linux64_1.1.100.202309141235/tools/bin/../lib/gcc/arm-none-eabi/11.3.1/../../../../arm-none-eabi/lib/thumb/v7-m/nofp/libc_nano.a(libc_a-writer.o)
 .ARM.attributes
                0x000000000000060b       0x2d /opt/st/stm32cubeide_1.14.0/plugins/com.st.stm32cube.ide.mcu.externaltools.gnu-tools-for-stm32.11.3.rel1.linux64_1.1.100.202309141235/tools/bin/../lib/gcc/arm-none-eabi/11.3.1/../../../../arm-none-eabi/lib/thumb/v7-m/nofp/libc_nano.a(libc_a-errno.o)
 .ARM.attributes
                0x0000000000000638       0x2d /opt/st/stm32cubeide_1.14.0/plugins/com.st.stm32cube.ide.mcu.externaltools.gnu-tools-for-stm32.11.3.rel1.linux64_1.1.100.202309141235/tools/bin/../lib/gcc/arm-none-eabi/11.3.1/../../../../arm-none-eabi/lib/thumb/v7-m/nofp/libc_nano.a(libc_a-init.o)
 .ARM.attributes
                0x0000000000000665       0x2d /opt/st/stm32cubeide_1.14.0/plugins/com.st.stm32cube.ide.mcu.externaltools.gnu-tools-for-stm32.11.3.rel1.linux64_1.1.100.202309141235/tools/bin/../lib/gcc/arm-none-eabi/11.3.1/../../../../arm-none-eabi/lib/thumb/v7-m/nofp/libc_nano.a(libc_a-lock.o)
 .ARM.attributes
                0x0000000000000692       0x2d /opt/st/stm32cubeide_1.14.0/plugins/com.st.stm32cube.ide.mcu.externaltools.gnu-tools-for-stm32.11.3.rel1.linux64_1.1.100.202309141235/tools/bin/../lib/gcc/arm-none-eabi/11.3.1/../../../../arm-none-eabi/lib/thumb/v7-m/nofp/libc_nano.a(libc_a-freer.o)
 .ARM.attributes
                0x00000000000006bf       0x2d /opt/st/stm32cubeide_1.14.0/plugins/com.st.stm32cube.ide.mcu.externaltools.gnu-tools-for-stm32.11.3.rel1.linux64_1.1.100.202309141235/tools/bin/../lib/gcc/arm-none-eabi/11.3.1/../../../../arm-none-eabi/lib/thumb/v7-m/nofp/libc_nano.a(libc_a-mallocr.o)
 .ARM.attributes
                0x00000000000006ec       0x2d /opt/st/stm32cubeide_1.14.0/plugins/com.st.stm32cube.ide.mcu.externaltools.gnu-tools-for-stm32.11.3.rel1.linux64_1.1.100.202309141235/tools/bin/../lib/gcc/arm-none-eabi/11.3.1/../../../../arm-none-eabi/lib/thumb/v7-m/nofp/libc_nano.a(libc_a-mlock.o)
 .ARM.attributes
                0x0000000000000719       0x2d /opt/st/stm32cubeide_1.14.0/plugins/com.st.stm32cube.ide.mcu.externaltools.gnu-tools-for-stm32.11.3.rel1.linux64_1.1.100.202309141235/tools/bin/../lib/gcc/arm-none-eabi/11.3.1/../../../../arm-none-eabi/lib/thumb/v7-m/nofp/libc_nano.a(libc_a-nano-vfprintf.o)
 .ARM.attributes
                0x0000000000000746       0x2d /opt/st/stm32cubeide_1.14.0/plugins/com.st.stm32cube.ide.mcu.externaltools.gnu-tools-for-stm32.11.3.rel1.linux64_1.1.100.202309141235/tools/bin/../lib/gcc/arm-none-eabi/11.3.1/../../../../arm-none-eabi/lib/thumb/v7-m/nofp/libc_nano.a(libc_a-nano-vfprintf_i.o)
 .ARM.attributes
                0x0000000000000773       0x2d /opt/st/stm32cubeide_1.14.0/plugins/com.st.stm32cube.ide.mcu.externaltools.gnu-tools-for-stm32.11.3.rel1.linux64_1.1.100.202309141235/tools/bin/../lib/gcc/arm-none-eabi/11.3.1/../../../../arm-none-eabi/lib/thumb/v7-m/nofp/libc_nano.a(libc_a-fflush.o)
 .ARM.attributes
                0x00000000000007a0       0x2d /opt/st/stm32cubeide_1.14.0/plugins/com.st.stm32cube.ide.mcu.externaltools.gnu-tools-for-stm32.11.3.rel1.linux64_1.1.100.202309141235/tools/bin/../lib/gcc/arm-none-eabi/11.3.1/../../../../arm-none-eabi/lib/thumb/v7-m/nofp/libc_nano.a(libc_a-wbuf.o)
 .ARM.attributes
                0x00000000000007cd       0x2d /opt/st/stm32cubeide_1.14.0/plugins/com.st.stm32cube.ide.mcu.externaltools.gnu-tools-for-stm32.11.3.rel1.linux64_1.1.100.202309141235/tools/bin/../lib/gcc/arm-none-eabi/11.3.1/../../../../arm-none-eabi/lib/thumb/v7-m/nofp/libc_nano.a(libc_a-wsetup.o)
 .ARM.attributes
                0x00000000000007fa       0x2d /opt/st/stm32cubeide_1.14.0/plugins/com.st.stm32cube.ide.mcu.externaltools.gnu-tools-for-stm32.11.3.rel1.linux64_1.1.100.202309141235/tools/bin/../lib/gcc/arm-none-eabi/11.3.1/../../../../arm-none-eabi/lib/thumb/v7-m/nofp/libc_nano.a(libc_a-sbrkr.o)
 .ARM.attributes
                0x0000000000000827       0x2d /opt/st/stm32cubeide_1.14.0/plugins/com.st.stm32cube.ide.mcu.externaltools.gnu-tools-for-stm32.11.3.rel1.linux64_1.1.100.202309141235/tools/bin/../lib/gcc/arm-none-eabi/11.3.1/../../../../arm-none-eabi/lib/thumb/v7-m/nofp/libc_nano.a(libc_a-memchr-stub.o)
 .ARM.attributes
                0x0000000000000854       0x2d /opt/st/stm32cubeide_1.14.0/plugins/com.st.stm32cube.ide.mcu.externaltools.gnu-tools-for-stm32.11.3.rel1.linux64_1.1.100.202309141235/tools/bin/../lib/gcc/arm-none-eabi/11.3.1/../../../../arm-none-eabi/lib/thumb/v7-m/nofp/libc_nano.a(libc_a-makebuf.o)
 .ARM.attributes
                0x0000000000000881       0x2d /opt/st/stm32cubeide_1.14.0/plugins/com.st.stm32cube.ide.mcu.externaltools.gnu-tools-for-stm32.11.3.rel1.linux64_1.1.100.202309141235/tools/bin/../lib/gcc/arm-none-eabi/11.3.1/../../../../arm-none-eabi/lib/thumb/v7-m/nofp/libc_nano.a(libc_a-fstatr.o)
 .ARM.attributes
                0x00000000000008ae       0x2d /opt/st/stm32cubeide_1.14.0/plugins/com.st.stm32cube.ide.mcu.externaltools.gnu-tools-for-stm32.11.3.rel1.linux64_1.1.100.202309141235/tools/bin/../lib/gcc/arm-none-eabi/11.3.1/../../../../arm-none-eabi/lib/thumb/v7-m/nofp/libc_nano.a(libc_a-isattyr.o)
 .ARM.attributes
                0x00000000000008db       0x1d /opt/st/stm32cubeide_1.14.0/plugins/com.st.stm32cube.ide.mcu.externaltools.gnu-tools-for-stm32.11.3.rel1.linux64_1.1.100.202309141235/tools/bin/../lib/gcc/arm-none-eabi/11.3.1/thumb/v7-m/nofp/crtn.o
OUTPUT(stm32_sd_operation.elf elf32-littlearm)
LOAD linker stubs
LOAD /opt/st/stm32cubeide_1.14.0/plugins/com.st.stm32cube.ide.mcu.externaltools.gnu-tools-for-stm32.11.3.rel1.linux64_1.1.100.202309141235/tools/bin/../lib/gcc/arm-none-eabi/11.3.1/../../../../arm-none-eabi/lib/thumb/v7-m/nofp/libc.a
LOAD /opt/st/stm32cubeide_1.14.0/plugins/com.st.stm32cube.ide.mcu.externaltools.gnu-tools-for-stm32.11.3.rel1.linux64_1.1.100.202309141235/tools/bin/../lib/gcc/arm-none-eabi/11.3.1/../../../../arm-none-eabi/lib/thumb/v7-m/nofp/libm.a
LOAD /opt/st/stm32cubeide_1.14.0/plugins/com.st.stm32cube.ide.mcu.externaltools.gnu-tools-for-stm32.11.3.rel1.linux64_1.1.100.202309141235/tools/bin/../lib/gcc/arm-none-eabi/11.3.1/thumb/v7-m/nofp/libgcc.a

.comment        0x0000000000000000       0x43
 .comment       0x0000000000000000       0x43 /opt/st/stm32cubeide_1.14.0/plugins/com.st.stm32cube.ide.mcu.externaltools.gnu-tools-for-stm32.11.3.rel1.linux64_1.1.100.202309141235/tools/bin/../lib/gcc/arm-none-eabi/11.3.1/thumb/v7-m/nofp/crtbegin.o
                                         0x44 (size before relaxing)
 .comment       0x0000000000000043       0x44 ./Core/Src/main.o
 .comment       0x0000000000000043       0x44 ./Core/Src/stm32f1xx_hal_msp.o
 .comment       0x0000000000000043       0x44 ./Core/Src/stm32f1xx_it.o
 .comment       0x0000000000000043       0x44 ./Core/Src/syscalls.o
 .comment       0x0000000000000043       0x44 ./Core/Src/sysmem.o
 .comment       0x0000000000000043       0x44 ./Core/Src/system_stm32f1xx.o
 .comment       0x0000000000000043       0x44 ./Core/library/f103c8t6_SD/ccsbcs.o
 .comment       0x0000000000000043       0x44 ./Core/library/f103c8t6_SD/diskio.o
 .comment       0x0000000000000043       0x44 ./Core/library/f103c8t6_SD/fatfs.o
 .comment       0x0000000000000043       0x44 ./Core/library/f103c8t6_SD/fatfs_sd.o
 .comment       0x0000000000000043       0x44 ./Core/library/f103c8t6_SD/ff.o
 .comment       0x0000000000000043       0x44 ./Core/library/f103c8t6_SD/ff_gen_drv.o
 .comment       0x0000000000000043       0x44 ./Core/library/f103c8t6_SD/user_diskio.o
 .comment       0x0000000000000043       0x44 ./Drivers/STM32F1xx_HAL_Driver/Src/stm32f1xx_hal.o
 .comment       0x0000000000000043       0x44 ./Drivers/STM32F1xx_HAL_Driver/Src/stm32f1xx_hal_cortex.o
 .comment       0x0000000000000043       0x44 ./Drivers/STM32F1xx_HAL_Driver/Src/stm32f1xx_hal_gpio.o
 .comment       0x0000000000000043       0x44 ./Drivers/STM32F1xx_HAL_Driver/Src/stm32f1xx_hal_rcc.o
 .comment       0x0000000000000043       0x44 ./Drivers/STM32F1xx_HAL_Driver/Src/stm32f1xx_hal_spi.o
 .comment       0x0000000000000043       0x44 ./Drivers/STM32F1xx_HAL_Driver/Src/stm32f1xx_hal_tim.o
 .comment       0x0000000000000043       0x44 ./Drivers/STM32F1xx_HAL_Driver/Src/stm32f1xx_hal_tim_ex.o
 .comment       0x0000000000000043       0x44 ./ThisLibrary/sd_file_operations.o

.debug_info     0x0000000000000000     0xe01b
 .debug_info    0x0000000000000000      0xecb ./Core/Src/main.o
 .debug_info    0x0000000000000ecb      0xbbc ./Core/Src/stm32f1xx_hal_msp.o
 .debug_info    0x0000000000001a87      0x154 ./Core/Src/stm32f1xx_it.o
 .debug_info    0x0000000000001bdb      0x6a3 ./Core/Src/syscalls.o
 .debug_info    0x000000000000227e      0x168 ./Core/Src/sysmem.o
 .debug_info    0x00000000000023e6      0x222 ./Core/Src/system_stm32f1xx.o
 .debug_info    0x0000000000002608       0x23 ./Core/Startup/startup_stm32f103c8tx.o
 .debug_info    0x000000000000262b      0x173 ./Core/library/f103c8t6_SD/ccsbcs.o
 .debug_info    0x000000000000279e      0x3da ./Core/library/f103c8t6_SD/diskio.o
 .debug_info    0x0000000000002b78      0x4dd ./Core/library/f103c8t6_SD/fatfs.o
 .debug_info    0x0000000000003055      0xbaa ./Core/library/f103c8t6_SD/fatfs_sd.o
 .debug_info    0x0000000000003bff     0x24dd ./Core/library/f103c8t6_SD/ff.o
 .debug_info    0x00000000000060dc      0x37a ./Core/library/f103c8t6_SD/ff_gen_drv.o
 .debug_info    0x0000000000006456      0x3a5 ./Core/library/f103c8t6_SD/user_diskio.o
 .debug_info    0x00000000000067fb      0x704 ./Drivers/STM32F1xx_HAL_Driver/Src/stm32f1xx_hal.o
 .debug_info    0x0000000000006eff      0xa87 ./Drivers/STM32F1xx_HAL_Driver/Src/stm32f1xx_hal_cortex.o
 .debug_info    0x0000000000007986      0x5ab ./Drivers/STM32F1xx_HAL_Driver/Src/stm32f1xx_hal_gpio.o
 .debug_info    0x0000000000007f31      0x7d5 ./Drivers/STM32F1xx_HAL_Driver/Src/stm32f1xx_hal_rcc.o
 .debug_info    0x0000000000008706     0x1503 ./Drivers/STM32F1xx_HAL_Driver/Src/stm32f1xx_hal_spi.o
 .debug_info    0x0000000000009c09     0x293b ./Drivers/STM32F1xx_HAL_Driver/Src/stm32f1xx_hal_tim.o
 .debug_info    0x000000000000c544     0x149b ./Drivers/STM32F1xx_HAL_Driver/Src/stm32f1xx_hal_tim_ex.o
 .debug_info    0x000000000000d9df      0x63c ./ThisLibrary/sd_file_operations.o

.debug_abbrev   0x0000000000000000     0x28c4
 .debug_abbrev  0x0000000000000000      0x2c0 ./Core/Src/main.o
 .debug_abbrev  0x00000000000002c0      0x1d5 ./Core/Src/stm32f1xx_hal_msp.o
 .debug_abbrev  0x0000000000000495       0x9e ./Core/Src/stm32f1xx_it.o
 .debug_abbrev  0x0000000000000533      0x1b6 ./Core/Src/syscalls.o
 .debug_abbrev  0x00000000000006e9       0xbc ./Core/Src/sysmem.o
 .debug_abbrev  0x00000000000007a5      0x13f ./Core/Src/system_stm32f1xx.o
 .debug_abbrev  0x00000000000008e4       0x12 ./Core/Startup/startup_stm32f103c8tx.o
 .debug_abbrev  0x00000000000008f6       0xd5 ./Core/library/f103c8t6_SD/ccsbcs.o
 .debug_abbrev  0x00000000000009cb      0x181 ./Core/library/f103c8t6_SD/diskio.o
 .debug_abbrev  0x0000000000000b4c      0x1a8 ./Core/library/f103c8t6_SD/fatfs.o
 .debug_abbrev  0x0000000000000cf4      0x2db ./Core/library/f103c8t6_SD/fatfs_sd.o
 .debug_abbrev  0x0000000000000fcf      0x2e6 ./Core/library/f103c8t6_SD/ff.o
 .debug_abbrev  0x00000000000012b5      0x19f ./Core/library/f103c8t6_SD/ff_gen_drv.o
 .debug_abbrev  0x0000000000001454      0x15c ./Core/library/f103c8t6_SD/user_diskio.o
 .debug_abbrev  0x00000000000015b0      0x201 ./Drivers/STM32F1xx_HAL_Driver/Src/stm32f1xx_hal.o
 .debug_abbrev  0x00000000000017b1      0x2f8 ./Drivers/STM32F1xx_HAL_Driver/Src/stm32f1xx_hal_cortex.o
 .debug_abbrev  0x0000000000001aa9      0x1ca ./Drivers/STM32F1xx_HAL_Driver/Src/stm32f1xx_hal_gpio.o
 .debug_abbrev  0x0000000000001c73      0x2b3 ./Drivers/STM32F1xx_HAL_Driver/Src/stm32f1xx_hal_rcc.o
 .debug_abbrev  0x0000000000001f26      0x284 ./Drivers/STM32F1xx_HAL_Driver/Src/stm32f1xx_hal_spi.o
 .debug_abbrev  0x00000000000021aa      0x277 ./Drivers/STM32F1xx_HAL_Driver/Src/stm32f1xx_hal_tim.o
 .debug_abbrev  0x0000000000002421      0x282 ./Drivers/STM32F1xx_HAL_Driver/Src/stm32f1xx_hal_tim_ex.o
 .debug_abbrev  0x00000000000026a3      0x221 ./ThisLibrary/sd_file_operations.o

.debug_aranges  0x0000000000000000      0xfd0
 .debug_aranges
                0x0000000000000000       0x50 ./Core/Src/main.o
 .debug_aranges
                0x0000000000000050       0x40 ./Core/Src/stm32f1xx_hal_msp.o
 .debug_aranges
                0x0000000000000090       0x68 ./Core/Src/stm32f1xx_it.o
 .debug_aranges
                0x00000000000000f8       0xa8 ./Core/Src/syscalls.o
 .debug_aranges
                0x00000000000001a0       0x20 ./Core/Src/sysmem.o
 .debug_aranges
                0x00000000000001c0       0x28 ./Core/Src/system_stm32f1xx.o
 .debug_aranges
                0x00000000000001e8       0x28 ./Core/Startup/startup_stm32f103c8tx.o
 .debug_aranges
                0x0000000000000210       0x28 ./Core/library/f103c8t6_SD/ccsbcs.o
 .debug_aranges
                0x0000000000000238       0x48 ./Core/library/f103c8t6_SD/diskio.o
 .debug_aranges
                0x0000000000000280       0x28 ./Core/library/f103c8t6_SD/fatfs.o
 .debug_aranges
                0x00000000000002a8       0xa0 ./Core/library/f103c8t6_SD/fatfs_sd.o
 .debug_aranges
                0x0000000000000348      0x210 ./Core/library/f103c8t6_SD/ff.o
 .debug_aranges
                0x0000000000000558       0x40 ./Core/library/f103c8t6_SD/ff_gen_drv.o
 .debug_aranges
                0x0000000000000598       0x40 ./Core/library/f103c8t6_SD/user_diskio.o
 .debug_aranges
                0x00000000000005d8       0xe0 ./Drivers/STM32F1xx_HAL_Driver/Src/stm32f1xx_hal.o
 .debug_aranges
                0x00000000000006b8      0x100 ./Drivers/STM32F1xx_HAL_Driver/Src/stm32f1xx_hal_cortex.o
 .debug_aranges
                0x00000000000007b8       0x58 ./Drivers/STM32F1xx_HAL_Driver/Src/stm32f1xx_hal_gpio.o
 .debug_aranges
                0x0000000000000810       0x90 ./Drivers/STM32F1xx_HAL_Driver/Src/stm32f1xx_hal_rcc.o
 .debug_aranges
                0x00000000000008a0      0x1d0 ./Drivers/STM32F1xx_HAL_Driver/Src/stm32f1xx_hal_spi.o
 .debug_aranges
                0x0000000000000a70      0x3d0 ./Drivers/STM32F1xx_HAL_Driver/Src/stm32f1xx_hal_tim.o
 .debug_aranges
                0x0000000000000e40      0x168 ./Drivers/STM32F1xx_HAL_Driver/Src/stm32f1xx_hal_tim_ex.o
 .debug_aranges
                0x0000000000000fa8       0x28 ./ThisLibrary/sd_file_operations.o

.debug_rnglists
                0x0000000000000000      0xc24
 .debug_rnglists
                0x0000000000000000       0x38 ./Core/Src/main.o
 .debug_rnglists
                0x0000000000000038       0x2c ./Core/Src/stm32f1xx_hal_msp.o
 .debug_rnglists
                0x0000000000000064       0x49 ./Core/Src/stm32f1xx_it.o
 .debug_rnglists
                0x00000000000000ad       0x79 ./Core/Src/syscalls.o
 .debug_rnglists
                0x0000000000000126       0x13 ./Core/Src/sysmem.o
 .debug_rnglists
                0x0000000000000139       0x1a ./Core/Src/system_stm32f1xx.o
 .debug_rnglists
                0x0000000000000153       0x19 ./Core/Startup/startup_stm32f103c8tx.o
 .debug_rnglists
                0x000000000000016c       0x19 ./Core/library/f103c8t6_SD/ccsbcs.o
 .debug_rnglists
                0x0000000000000185       0x31 ./Core/library/f103c8t6_SD/diskio.o
 .debug_rnglists
                0x00000000000001b6       0x19 ./Core/library/f103c8t6_SD/fatfs.o
 .debug_rnglists
                0x00000000000001cf       0x7a ./Core/library/f103c8t6_SD/fatfs_sd.o
 .debug_rnglists
                0x0000000000000249      0x1b4 ./Core/library/f103c8t6_SD/ff.o
 .debug_rnglists
                0x00000000000003fd       0x2c ./Core/library/f103c8t6_SD/ff_gen_drv.o
 .debug_rnglists
                0x0000000000000429       0x2b ./Core/library/f103c8t6_SD/user_diskio.o
 .debug_rnglists
                0x0000000000000454       0xa3 ./Drivers/STM32F1xx_HAL_Driver/Src/stm32f1xx_hal.o
 .debug_rnglists
                0x00000000000004f7       0xbb ./Drivers/STM32F1xx_HAL_Driver/Src/stm32f1xx_hal_cortex.o
 .debug_rnglists
                0x00000000000005b2       0x3f ./Drivers/STM32F1xx_HAL_Driver/Src/stm32f1xx_hal_gpio.o
 .debug_rnglists
                0x00000000000005f1       0x6c ./Drivers/STM32F1xx_HAL_Driver/Src/stm32f1xx_hal_rcc.o
 .debug_rnglists
                0x000000000000065d      0x16e ./Drivers/STM32F1xx_HAL_Driver/Src/stm32f1xx_hal_spi.o
 .debug_rnglists
                0x00000000000007cb      0x31a ./Drivers/STM32F1xx_HAL_Driver/Src/stm32f1xx_hal_tim.o
 .debug_rnglists
                0x0000000000000ae5      0x125 ./Drivers/STM32F1xx_HAL_Driver/Src/stm32f1xx_hal_tim_ex.o
 .debug_rnglists
                0x0000000000000c0a       0x1a ./ThisLibrary/sd_file_operations.o

.debug_macro    0x0000000000000000    0x19ce5
 .debug_macro   0x0000000000000000      0x31b ./Core/Src/main.o
 .debug_macro   0x000000000000031b      0xa9c ./Core/Src/main.o
 .debug_macro   0x0000000000000db7      0x21b ./Core/Src/main.o
 .debug_macro   0x0000000000000fd2       0x2e ./Core/Src/main.o
 .debug_macro   0x0000000000001000       0x22 ./Core/Src/main.o
 .debug_macro   0x0000000000001022       0x22 ./Core/Src/main.o
 .debug_macro   0x0000000000001044       0x8e ./Core/Src/main.o
 .debug_macro   0x00000000000010d2       0x51 ./Core/Src/main.o
 .debug_macro   0x0000000000001123      0x103 ./Core/Src/main.o
 .debug_macro   0x0000000000001226       0x6a ./Core/Src/main.o
 .debug_macro   0x0000000000001290      0x1df ./Core/Src/main.o
 .debug_macro   0x000000000000146f       0x1c ./Core/Src/main.o
 .debug_macro   0x000000000000148b       0x22 ./Core/Src/main.o
 .debug_macro   0x00000000000014ad       0xbd ./Core/Src/main.o
 .debug_macro   0x000000000000156a      0xd23 ./Core/Src/main.o
 .debug_macro   0x000000000000228d     0xe09e ./Core/Src/main.o
 .debug_macro   0x000000000001032b       0x6d ./Core/Src/main.o
 .debug_macro   0x0000000000010398     0x348d ./Core/Src/main.o
 .debug_macro   0x0000000000013825      0x174 ./Core/Src/main.o
 .debug_macro   0x0000000000013999       0x5c ./Core/Src/main.o
 .debug_macro   0x00000000000139f5      0x5bc ./Core/Src/main.o
 .debug_macro   0x0000000000013fb1      0x289 ./Core/Src/main.o
 .debug_macro   0x000000000001423a      0x1cb ./Core/Src/main.o
 .debug_macro   0x0000000000014405      0x114 ./Core/Src/main.o
 .debug_macro   0x0000000000014519      0x1b2 ./Core/Src/main.o
 .debug_macro   0x00000000000146cb       0x27 ./Core/Src/main.o
 .debug_macro   0x00000000000146f2      0x136 ./Core/Src/main.o
 .debug_macro   0x0000000000014828      0x1bc ./Core/Src/main.o
 .debug_macro   0x00000000000149e4       0x34 ./Core/Src/main.o
 .debug_macro   0x0000000000014a18       0x3c ./Core/Src/main.o
 .debug_macro   0x0000000000014a54       0x57 ./Core/Src/main.o
 .debug_macro   0x0000000000014aab       0x87 ./Core/Src/main.o
 .debug_macro   0x0000000000014b32      0x240 ./Core/Src/main.o
 .debug_macro   0x0000000000014d72      0x140 ./Core/Src/main.o
 .debug_macro   0x0000000000014eb2      0x217 ./Core/Src/main.o
 .debug_macro   0x00000000000150c9      0x8ed ./Core/Src/main.o
 .debug_macro   0x00000000000159b6       0x83 ./Core/Src/main.o
 .debug_macro   0x0000000000015a39       0xde ./Core/Src/main.o
 .debug_macro   0x0000000000015b17       0xf5 ./Core/Src/main.o
 .debug_macro   0x0000000000015c0c       0x8e ./Core/Src/main.o
 .debug_macro   0x0000000000015c9a       0x61 ./Core/Src/main.o
 .debug_macro   0x0000000000015cfb       0x24 ./Core/Src/main.o
 .debug_macro   0x0000000000015d1f       0x43 ./Core/Src/main.o
 .debug_macro   0x0000000000015d62       0x34 ./Core/Src/main.o
 .debug_macro   0x0000000000015d96       0x16 ./Core/Src/main.o
 .debug_macro   0x0000000000015dac       0x35 ./Core/Src/main.o
 .debug_macro   0x0000000000015de1      0x369 ./Core/Src/main.o
 .debug_macro   0x000000000001614a       0x10 ./Core/Src/main.o
 .debug_macro   0x000000000001615a       0x16 ./Core/Src/main.o
 .debug_macro   0x0000000000016170       0x43 ./Core/Src/main.o
 .debug_macro   0x00000000000161b3       0x34 ./Core/Src/main.o
 .debug_macro   0x00000000000161e7       0x10 ./Core/Src/main.o
 .debug_macro   0x00000000000161f7       0x58 ./Core/Src/main.o
 .debug_macro   0x000000000001624f       0x8e ./Core/Src/main.o
 .debug_macro   0x00000000000162dd       0x1c ./Core/Src/main.o
 .debug_macro   0x00000000000162f9      0x177 ./Core/Src/main.o
 .debug_macro   0x0000000000016470       0x16 ./Core/Src/main.o
 .debug_macro   0x0000000000016486       0x16 ./Core/Src/main.o
 .debug_macro   0x000000000001649c      0x147 ./Core/Src/main.o
 .debug_macro   0x00000000000165e3       0x16 ./Core/Src/main.o
 .debug_macro   0x00000000000165f9       0x16 ./Core/Src/main.o
 .debug_macro   0x000000000001660f       0x20 ./Core/Src/main.o
 .debug_macro   0x000000000001662f      0x1ad ./Core/Src/stm32f1xx_hal_msp.o
 .debug_macro   0x00000000000167dc      0x1b7 ./Core/Src/stm32f1xx_it.o
 .debug_macro   0x0000000000016993      0x274 ./Core/Src/syscalls.o
 .debug_macro   0x0000000000016c07       0x5b ./Core/Src/syscalls.o
 .debug_macro   0x0000000000016c62       0x94 ./Core/Src/syscalls.o
 .debug_macro   0x0000000000016cf6       0x57 ./Core/Src/syscalls.o
 .debug_macro   0x0000000000016d4d       0x10 ./Core/Src/syscalls.o
 .debug_macro   0x0000000000016d5d       0x10 ./Core/Src/syscalls.o
 .debug_macro   0x0000000000016d6d       0x10 ./Core/Src/syscalls.o
 .debug_macro   0x0000000000016d7d       0x10 ./Core/Src/syscalls.o
 .debug_macro   0x0000000000016d8d       0x1c ./Core/Src/syscalls.o
 .debug_macro   0x0000000000016da9       0x52 ./Core/Src/syscalls.o
 .debug_macro   0x0000000000016dfb       0x22 ./Core/Src/syscalls.o
 .debug_macro   0x0000000000016e1d       0x10 ./Core/Src/syscalls.o
 .debug_macro   0x0000000000016e2d       0x52 ./Core/Src/syscalls.o
 .debug_macro   0x0000000000016e7f       0xcf ./Core/Src/syscalls.o
 .debug_macro   0x0000000000016f4e       0x1c ./Core/Src/syscalls.o
 .debug_macro   0x0000000000016f6a       0x3d ./Core/Src/syscalls.o
 .debug_macro   0x0000000000016fa7       0x35 ./Core/Src/syscalls.o
 .debug_macro   0x0000000000016fdc      0x12c ./Core/Src/syscalls.o
 .debug_macro   0x0000000000017108       0x16 ./Core/Src/syscalls.o
 .debug_macro   0x000000000001711e       0x16 ./Core/Src/syscalls.o
 .debug_macro   0x0000000000017134       0x29 ./Core/Src/syscalls.o
 .debug_macro   0x000000000001715d       0x10 ./Core/Src/syscalls.o
 .debug_macro   0x000000000001716d      0x242 ./Core/Src/syscalls.o
 .debug_macro   0x00000000000173af       0x1c ./Core/Src/syscalls.o
 .debug_macro   0x00000000000173cb       0x10 ./Core/Src/syscalls.o
 .debug_macro   0x00000000000173db      0x18a ./Core/Src/syscalls.o
 .debug_macro   0x0000000000017565       0x16 ./Core/Src/syscalls.o
 .debug_macro   0x000000000001757b       0xce ./Core/Src/syscalls.o
 .debug_macro   0x0000000000017649       0xff ./Core/Src/sysmem.o
 .debug_macro   0x0000000000017748      0x23c ./Core/Src/sysmem.o
 .debug_macro   0x0000000000017984      0x1a3 ./Core/Src/system_stm32f1xx.o
 .debug_macro   0x0000000000017b27      0x1db ./Core/library/f103c8t6_SD/ccsbcs.o
 .debug_macro   0x0000000000017d02       0xd8 ./Core/library/f103c8t6_SD/ccsbcs.o
 .debug_macro   0x0000000000017dda      0x1ed ./Core/library/f103c8t6_SD/diskio.o
 .debug_macro   0x0000000000017fc7       0x16 ./Core/library/f103c8t6_SD/diskio.o
 .debug_macro   0x0000000000017fdd       0x7c ./Core/library/f103c8t6_SD/diskio.o
 .debug_macro   0x0000000000018059      0x1fc ./Core/library/f103c8t6_SD/fatfs.o
 .debug_macro   0x0000000000018255      0x1d6 ./Core/library/f103c8t6_SD/fatfs_sd.o
 .debug_macro   0x000000000001842b       0x76 ./Core/library/f103c8t6_SD/fatfs_sd.o
 .debug_macro   0x00000000000184a1      0x434 ./Core/library/f103c8t6_SD/ff.o
 .debug_macro   0x00000000000188d5       0x58 ./Core/library/f103c8t6_SD/ff.o
 .debug_macro   0x000000000001892d      0x1ed ./Core/library/f103c8t6_SD/ff_gen_drv.o
 .debug_macro   0x0000000000018b1a      0x2b5 ./Core/library/f103c8t6_SD/user_diskio.o
 .debug_macro   0x0000000000018dcf       0x10 ./Core/library/f103c8t6_SD/user_diskio.o
 .debug_macro   0x0000000000018ddf      0x1c7 ./Drivers/STM32F1xx_HAL_Driver/Src/stm32f1xx_hal.o
 .debug_macro   0x0000000000018fa6      0x1a3 ./Drivers/STM32F1xx_HAL_Driver/Src/stm32f1xx_hal_cortex.o
 .debug_macro   0x0000000000019149      0x20e ./Drivers/STM32F1xx_HAL_Driver/Src/stm32f1xx_hal_gpio.o
 .debug_macro   0x0000000000019357      0x1b5 ./Drivers/STM32F1xx_HAL_Driver/Src/stm32f1xx_hal_rcc.o
 .debug_macro   0x000000000001950c      0x1ab ./Drivers/STM32F1xx_HAL_Driver/Src/stm32f1xx_hal_spi.o
 .debug_macro   0x00000000000196b7      0x1a4 ./Drivers/STM32F1xx_HAL_Driver/Src/stm32f1xx_hal_tim.o
 .debug_macro   0x000000000001985b      0x1a3 ./Drivers/STM32F1xx_HAL_Driver/Src/stm32f1xx_hal_tim_ex.o
 .debug_macro   0x00000000000199fe      0x2e7 ./ThisLibrary/sd_file_operations.o

.debug_line     0x0000000000000000    0x12fc6
 .debug_line    0x0000000000000000      0xa6e ./Core/Src/main.o
 .debug_line    0x0000000000000a6e      0x6d5 ./Core/Src/stm32f1xx_hal_msp.o
 .debug_line    0x0000000000001143      0x734 ./Core/Src/stm32f1xx_it.o
 .debug_line    0x0000000000001877      0x7e7 ./Core/Src/syscalls.o
 .debug_line    0x000000000000205e      0x4b8 ./Core/Src/sysmem.o
 .debug_line    0x0000000000002516      0x6c7 ./Core/Src/system_stm32f1xx.o
 .debug_line    0x0000000000002bdd       0x78 ./Core/Startup/startup_stm32f103c8tx.o
 .debug_line    0x0000000000002c55      0x707 ./Core/library/f103c8t6_SD/ccsbcs.o
 .debug_line    0x000000000000335c      0x73c ./Core/library/f103c8t6_SD/diskio.o
 .debug_line    0x0000000000003a98      0x6be ./Core/library/f103c8t6_SD/fatfs.o
 .debug_line    0x0000000000004156      0xcee ./Core/library/f103c8t6_SD/fatfs_sd.o
 .debug_line    0x0000000000004e44     0x3704 ./Core/library/f103c8t6_SD/ff.o
 .debug_line    0x0000000000008548      0x759 ./Core/library/f103c8t6_SD/ff_gen_drv.o
 .debug_line    0x0000000000008ca1      0x842 ./Core/library/f103c8t6_SD/user_diskio.o
 .debug_line    0x00000000000094e3      0x8f4 ./Drivers/STM32F1xx_HAL_Driver/Src/stm32f1xx_hal.o
 .debug_line    0x0000000000009dd7      0xadc ./Drivers/STM32F1xx_HAL_Driver/Src/stm32f1xx_hal_cortex.o
 .debug_line    0x000000000000a8b3      0x98d ./Drivers/STM32F1xx_HAL_Driver/Src/stm32f1xx_hal_gpio.o
 .debug_line    0x000000000000b240      0xcfd ./Drivers/STM32F1xx_HAL_Driver/Src/stm32f1xx_hal_rcc.o
 .debug_line    0x000000000000bf3d     0x1b7c ./Drivers/STM32F1xx_HAL_Driver/Src/stm32f1xx_hal_spi.o
 .debug_line    0x000000000000dab9     0x33e0 ./Drivers/STM32F1xx_HAL_Driver/Src/stm32f1xx_hal_tim.o
 .debug_line    0x0000000000010e99     0x1853 ./Drivers/STM32F1xx_HAL_Driver/Src/stm32f1xx_hal_tim_ex.o
 .debug_line    0x00000000000126ec      0x8da ./ThisLibrary/sd_file_operations.o

.debug_str      0x0000000000000000    0x8d079
 .debug_str     0x0000000000000000    0x873a9 ./Core/Src/main.o
                                      0x877e1 (size before relaxing)
 .debug_str     0x00000000000873a9       0xc7 ./Core/Src/stm32f1xx_hal_msp.o
                                      0x8354b (size before relaxing)
 .debug_str     0x0000000000087470       0xe7 ./Core/Src/stm32f1xx_it.o
                                      0x82e24 (size before relaxing)
 .debug_str     0x0000000000087557     0x20aa ./Core/Src/syscalls.o
                                       0x9854 (size before relaxing)
 .debug_str     0x0000000000089601       0x6b ./Core/Src/sysmem.o
                                       0x600b (size before relaxing)
 .debug_str     0x000000000008966c       0x7e ./Core/Src/system_stm32f1xx.o
                                      0x82e08 (size before relaxing)
 .debug_str     0x00000000000896ea       0x34 ./Core/Startup/startup_stm32f103c8tx.o
                                         0x75 (size before relaxing)
 .debug_str     0x000000000008971e       0x65 ./Core/library/f103c8t6_SD/ccsbcs.o
                                      0x83390 (size before relaxing)
 .debug_str     0x0000000000089783       0xba ./Core/library/f103c8t6_SD/diskio.o
                                      0x835b8 (size before relaxing)
 .debug_str     0x000000000008983d      0x112 ./Core/library/f103c8t6_SD/fatfs.o
                                      0x836aa (size before relaxing)
 .debug_str     0x000000000008994f      0x2b8 ./Core/library/f103c8t6_SD/fatfs_sd.o